warning: both `/Users/aman/.cargo/config` and `/Users/aman/.cargo/config.toml` exist. Using `/Users/aman/.cargo/config`
   Compiling proc-macro2 v1.0.106
   Compiling errno v0.3.14
   Compiling wasm-bindgen-shared v0.2.117
   Compiling dioxus-core-types v0.7.4
   Compiling futures-util v0.3.32
   Compiling libloading v0.8.9
   Compiling longest-increasing-subsequence v0.1.0
   Compiling convert_case v0.8.0
   Compiling rustix v1.1.4
   Compiling signal-hook-registry v1.4.8
   Compiling euclid v0.22.14
   Compiling keyboard-types v0.7.0
   Compiling sha1 v0.10.6
   Compiling data-encoding v2.10.0
   Compiling rustc-hash v1.1.0
   Compiling utf-8 v0.7.6
   Compiling sledgehammer_utils v0.3.1
   Compiling quote v1.0.45
   Compiling objc2-encode v4.1.0
   Compiling send_wrapper v0.6.0
   Compiling syn v2.0.117
   Compiling syn v1.0.109
   Compiling dioxus-config-macros v0.7.4
   Compiling objc2 v0.6.4
   Compiling const_format_proc_macros v0.2.34
   Compiling simd_helpers v0.1.0
   Compiling dioxus-config-macro v0.7.4
   Compiling tempfile v3.27.0
   Compiling native-tls v0.2.18
   Compiling const_format v0.2.35
   Compiling ureq v3.3.0
   Compiling deepsize_derive v0.1.2
   Compiling futures-executor v0.3.32
   Compiling deepsize v0.2.0
   Compiling ort-sys v2.0.0-rc.12
   Compiling synstructure v0.13.2
   Compiling prettyplease v0.2.37
   Compiling wasm-bindgen-macro-support v0.2.117
   Compiling serde_derive_internals v0.29.1
   Compiling darling_core v0.23.0
   Compiling deluxe-core v0.5.0
   Compiling darling_core v0.20.11
   Compiling darling_core v0.21.3
   Compiling proc-macro2-diagnostics v0.10.1
   Compiling dioxus-rsx v0.7.4
   Compiling macro-string v0.1.4
   Compiling ort v2.0.0-rc.12
   Compiling serde_derive v1.0.228
   Compiling futures-macro v0.3.32
   Compiling zerocopy-derive v0.8.48
   Compiling tracing-attributes v0.1.31
   Compiling zerofrom-derive v0.1.7
   Compiling yoke-derive v0.8.2
   Compiling tokio-macros v2.7.0
   Compiling thiserror-impl v2.0.18
   Compiling zerocopy v0.8.48
   Compiling tracing v0.1.44
   Compiling zerovec-derive v0.11.3
   Compiling displaydoc v0.2.5
   Compiling zerofrom v0.1.7
   Compiling tokio v1.52.1
   Compiling thiserror v2.0.18
   Compiling async-trait v0.1.89
   Compiling serde v1.0.228
   Compiling sqlparser_derive v0.3.0
   Compiling sqlparser v0.59.0
   Compiling pin-project-internal v1.1.11
   Compiling datafusion-macros v51.0.0
   Compiling wasm-bindgen-macro v0.2.117
   Compiling futures v0.3.32
   Compiling snafu-derive v0.8.9
   Compiling wasm-bindgen v0.2.117
   Compiling yoke v0.8.2
   Compiling pin-project v1.1.11
   Compiling ppv-lite86 v0.2.21
   Compiling rand_chacha v0.9.0
   Compiling half v2.7.1
   Compiling rand v0.9.2
   Compiling arrow-buffer v57.3.1
   Compiling twox-hash v2.1.2
   Compiling either v1.15.0
   Compiling chrono v0.4.44
   Compiling ahash v0.8.12
   Compiling arrow-data v57.3.1
   Compiling itertools v0.14.0
   Compiling lz4_flex v0.12.2
   Compiling hashbrown v0.14.5
   Compiling chrono-tz v0.10.4
   Compiling tokio-util v0.7.18
   Compiling rayon v1.11.0
   Compiling zerovec v0.11.6
   Compiling zerotrie v0.2.4
   Compiling dashmap v6.1.0
   Compiling h2 v0.4.13
   Compiling tokio-stream v0.1.18
   Compiling tower v0.5.3
   Compiling serde_urlencoded v0.7.1
   Compiling prost-derive v0.14.3
   Compiling tokio-native-tls v0.3.1
   Compiling async-compression v0.4.42
   Compiling datafusion-common-runtime v51.0.0
   Compiling tokio-rustls v0.26.4
   Compiling tower-http v0.6.8
   Compiling geo-types v0.7.19
   Compiling jsonb v0.5.6
   Compiling rand_chacha v0.3.1
   Compiling toml_datetime v0.6.11
   Compiling rand v0.8.5
   Compiling prost v0.14.3
   Compiling itertools v0.13.0
   Compiling tinystr v0.8.3
   Compiling potential_utf v0.1.5
   Compiling icu_collections v2.2.0
   Compiling icu_locale_core v2.2.0
   Compiling hyper v1.9.0
   Compiling prost-types v0.14.3
   Compiling arrow-array v57.3.1
   Compiling icu_provider v2.2.0
   Compiling snafu v0.8.9
   Compiling icu_properties v2.2.0
   Compiling icu_normalizer v2.2.0
   Compiling hyper-util v0.1.20
   Compiling prost-build v0.14.3
   Compiling moka v0.12.15
   Compiling idna_adapter v1.2.1
   Compiling thiserror-impl v1.0.69
   Compiling idna v1.1.0
   Compiling url v2.5.8
   Compiling arrow-select v57.3.1
   Compiling arrow-row v57.3.1
   Compiling arrow-arith v57.3.1
   Compiling object_store v0.12.5
   Compiling hyper-rustls v0.27.7
   Compiling thiserror v1.0.69
   Compiling hyper-tls v0.6.0
   Compiling geo-traits v0.3.0
   Compiling arrow-ord v57.3.1
   Compiling arrow-ipc v57.3.1
   Compiling arrow-string v57.3.1
   Compiling schemars_derive v0.8.22
   Compiling reqwest v0.12.28
   Compiling arrow-cast v57.3.1
   Compiling num_enum_derive v0.7.6
   Compiling schemars v0.8.22
   Compiling num_enum v0.7.6
   Compiling itertools v0.11.0
   Compiling arrow-csv v57.3.1
   Compiling arrow-json v57.3.1
   Compiling subsecond-types v0.7.4
   Compiling darling_macro v0.23.0
   Compiling subsecond v0.7.4
   Compiling darling v0.23.0
   Compiling arrow v57.3.1
   Compiling datafusion-common v51.0.0
   Compiling wkb v0.9.2
   Compiling earcutr v0.4.3
   Compiling wkt v0.14.0
   Compiling geoarrow-schema v0.7.0
   Compiling toml_edit v0.19.15
   Compiling i_overlay v4.0.7
   Compiling slotmap v1.1.1
   Compiling generational-box v0.7.4
   Compiling rstest_macros v0.26.1
   Compiling equator-macro v0.4.2
   Compiling serde_repr v0.1.20
   Compiling sqlx-core v0.8.6
   Compiling dioxus-core v0.7.4
   Compiling lance-namespace-reqwest-client v0.4.5
   Compiling equator v0.4.2
   Compiling datafusion-expr-common v51.0.0
   Compiling proc-macro-crate v1.3.1
   Compiling geo v0.31.0
   Compiling geoarrow-array v0.7.0
   Compiling datafusion-physical-expr-common v51.0.0
   Compiling datafusion-functions-aggregate-common v51.0.0
   Compiling datafusion-functions-window-common v51.0.0
   Compiling rstest v0.26.1
   Compiling ai-orz-macros v0.1.0 (/Users/aman/.qclaw/workspace/ai_orz/ai-orz-macros)
   Compiling lance-encoding v2.0.0
warning: unused import: `AngleBracketedGenericArguments`
 --> ai-orz-macros/src/lib.rs:3:11
  |
3 | use syn::{AngleBracketedGenericArguments, parse_macro_input};
  |           ^^^^^^^^^^^^^^^^^^^^^^^^^^^^^^
  |
  = note: `#[warn(unused_imports)]` (part of `#[warn(unused)]`) on by default

warning: unused variable: `input`
  --> ai-orz-macros/src/lib.rs:10:22
   |
10 | pub fn derive_params(input: TokenStream) -> TokenStream {
   |                      ^^^^^ help: if this is intentional, prefix it with an underscore: `_input`
   |
   = note: `#[warn(unused_variables)]` (part of `#[warn(unused)]`) on by default

warning: variable does not need to be mutable
  --> ai-orz-macros/src/lib.rs:47:9
   |
47 |     let mut handler_ident: Option<Ident> = None;
   |         ----^^^^^^^^^^^^^
   |         |
   |         help: remove this `mut`
   |
   = note: `#[warn(unused_mut)]` (part of `#[warn(unused)]`) on by default

warning: function `get_lit_str` is never used
  --> ai-orz-macros/src/lib.rs:71:8
   |
71 |     fn get_lit_str(expr: &syn::Expr) -> Option<&LitStr> {
   |        ^^^^^^^^^^^
   |
   = note: `#[warn(dead_code)]` (part of `#[warn(unused)]`) on by default

warning: function `to_snake_case` is never used
   --> ai-orz-macros/src/lib.rs:492:4
    |
492 | fn to_snake_case(s: &str) -> String {
    |    ^^^^^^^^^^^^^

   Compiling tantivy-common v0.9.0
   Compiling datafusion-expr v51.0.0
   Compiling hyperloglogplus v0.4.1
warning: `ai-orz-macros` (lib) generated 5 warnings (run `cargo fix --lib -p ai-orz-macros` to apply 3 suggestions)
   Compiling strum_macros v0.26.4
   Compiling geoarrow-expr-geo v0.7.0
   Compiling sqlx-sqlite v0.8.6
   Compiling lance-arrow v2.0.0
   Compiling strum v0.26.3
   Compiling deluxe-macros v0.5.0
   Compiling aligned-vec v0.6.4
   Compiling lance-file v2.0.0
   Compiling fsst v2.0.0
   Compiling rand_distr v0.4.3
   Compiling geohash v0.13.1
   Compiling h2 v0.3.27
   Compiling path_abs v0.5.1
   Compiling async-recursion v1.1.1
   Compiling ref-cast-impl v1.0.25
   Compiling datafusion-physical-expr v51.0.0
   Compiling datafusion-execution v51.0.0
   Compiling datafusion-sql v51.0.0
   Compiling warnings-macro v0.2.0
   Compiling ref-cast v1.0.25
   Compiling datafusion-functions v51.0.0
   Compiling deluxe v0.5.0
   Compiling warnings v0.2.1
   Compiling tantivy-stacker v0.5.0
   Compiling v_frame v0.3.9
   Compiling sqlx-macros-core v0.8.6
   Compiling tantivy-sstable v0.5.0
   Compiling datafusion-physical-plan v51.0.0
   Compiling lance-core v2.0.0
   Compiling datafusion-functions-aggregate v51.0.0
   Compiling datafusion-functions-window v51.0.0
   Compiling datafusion-optimizer v51.0.0
   Compiling hyper v0.14.32
   Compiling lance-namespace v2.0.0
   Compiling lance-io v2.0.0
   Compiling datafusion-physical-expr-adapter v51.0.0
   Compiling datafusion-functions-nested v51.0.0
   Compiling bon-macros v3.9.1
   Compiling datafusion-session v51.0.0
   Compiling datafusion-datasource v51.0.0
   Compiling lance-table v2.0.0
   Compiling js-sys v0.3.94
   Compiling random_word v0.5.2
   Compiling datafusion-catalog v51.0.0
   Compiling datafusion-pruning v51.0.0
   Compiling datafusion-physical-optimizer v51.0.0
   Compiling datafusion-datasource-csv v51.0.0
   Compiling datafusion-datasource-arrow v51.0.0
   Compiling datafusion-datasource-json v51.0.0
   Compiling serde_spanned v0.6.9
   Compiling rand_distr v0.5.1
   Compiling darling_macro v0.20.11
   Compiling async-stream-impl v0.3.6
   Compiling schemars_derive v1.2.1
   Compiling darling v0.20.11
   Compiling lance-datagen v2.0.0
   Compiling async-stream v0.3.6
   Compiling toml_edit v0.22.27
   Compiling bon v3.9.1
   Compiling schemars v1.2.1
   Compiling hyper-tls v0.5.0
   Compiling dioxus-signals v0.7.4
   Compiling sqlx-macros v0.8.6
   Compiling tantivy-columnar v0.5.0
   Compiling rig-derive v0.1.12
   Compiling reqwest v0.13.2
   Compiling lance-index v2.0.0
   Compiling nanoid v0.4.0
   Compiling lopdf v0.36.0
   Compiling tracing-futures v0.2.5
   Compiling tantivy-tokenizer-api v0.5.0
   Compiling rust-stemmers v1.2.0
   Compiling tantivy-query-grammar v0.24.0
   Compiling tracing-serde v0.2.0
   Compiling sketches-ddsketch v0.3.1
   Compiling multer v3.1.0
   Compiling axum-core v0.5.6
   Compiling darling_macro v0.21.3
   Compiling arg_enum_proc_macro v0.3.4
   Compiling profiling-procmacros v1.0.18
   Compiling const-serialize-macro v0.7.2
   Compiling darling v0.21.3
   Compiling av-scenechange v0.14.1
   Compiling profiling v1.0.18
   Compiling const-serialize v0.7.2
   Compiling tantivy v0.24.2
   Compiling axum v0.8.8
   Compiling rig-core v0.34.0
   Compiling tracing-subscriber v0.3.23
   Compiling sqlx v0.8.6
   Compiling reqwest v0.11.27
   Compiling toml v0.8.23
   Compiling derive_builder_core v0.20.2
   Compiling lance-linalg v2.0.0
   Compiling av1-grain v0.2.5
   Compiling maybe-rayon v0.1.1
   Compiling dioxus-cli-config v0.7.4
   Compiling num-derive v0.4.2
   Compiling const-serialize-macro v0.8.0-alpha.0
   Compiling derive_builder_macro v0.20.2
   Compiling enumset_derive v0.14.0
   Compiling rav1e v0.8.1
   Compiling monostate-impl v0.1.18
   Compiling derive_builder v0.20.2
   Compiling dioxus-hooks v0.7.4
   Compiling monostate v0.1.18
   Compiling web-sys v0.3.94
   Compiling enumset v1.1.10
   Compiling wasm-bindgen-futures v0.4.67
   Compiling serde_with_macros v3.20.0
   Compiling rayon-cond v0.4.0
   Compiling spm_precompiled v0.1.4
   Compiling dary_heap v0.3.9
   Compiling compact_str v0.9.0
   Compiling tiff v0.11.3
   Compiling exr v1.74.0
   Compiling dioxus-core-macro v0.7.4
   Compiling dioxus-html-internal-macro v0.7.4
   Compiling hf-hub v0.5.0
   Compiling tokenizers v0.22.2
   Compiling dioxus-html v0.7.4
   Compiling serde_with v3.20.0
   Compiling const-serialize v0.8.0-alpha.0
   Compiling lance-testing v2.0.0
   Compiling process-wrap v9.1.0
   Compiling safetensors v0.7.0
   Compiling simple_asn1 v0.6.4
   Compiling sledgehammer_bindgen_macro v0.6.5
   Compiling ravif v0.13.0
   Compiling jsonwebtoken v9.3.1
   Compiling manganis-core v0.7.4
   Compiling image v0.25.10
   Compiling sledgehammer_bindgen v0.6.0
   Compiling rmcp v1.7.0
   Compiling datafusion-functions-table v51.0.0
   Compiling datafusion-catalog-listing v51.0.0
   Compiling tracing-appender v0.2.4
   Compiling dioxus-devtools-types v0.7.4
   Compiling dioxus-history v0.7.4
   Compiling sha256 v1.6.0
   Compiling tungstenite v0.28.0
   Compiling ctor v0.2.9
   Compiling dioxus-devtools v0.7.4
   Compiling fastembed v5.13.4
   Compiling dioxus-interpreter-js v0.7.4
   Compiling manganis-macro v0.7.4
   Compiling wasm-streams v0.4.2
   Compiling dioxus-document v0.7.4
   Compiling gloo-timers v0.3.0
   Compiling serde-wasm-bindgen v0.6.5
   Compiling common v0.1.0 (/Users/aman/.qclaw/workspace/ai_orz/common)
   Compiling dioxus-stores-macro v0.7.4
   Compiling dioxus-router-macro v0.7.4
   Compiling dioxus-web v0.7.4
   Compiling manganis v0.7.4
   Compiling dioxus-stores v0.7.4
   Compiling dioxus-asset-resolver v0.7.4
   Compiling dioxus-logger v0.7.4
   Compiling dioxus-router v0.7.4
warning: unused import: `generated::*`
   --> common/src/error/macros.rs:281:17
    |
281 |           pub use generated::*;
    |                   ^^^^^^^^^^^^
    |
   ::: common/src/error/code.rs:5:1
    |
  5 | / define_error_codes! {
  6 | |     general {
  7 | |         InvalidRequest {
  8 | |             type: Validation,
...   |
133 | | }
    | |_- in this macro invocation
    |
    = note: `#[warn(unused_imports)]` (part of `#[warn(unused)]`) on by default
    = note: this warning originates in the macro `define_error_codes` (in Nightly builds, run with -Z macro-backtrace for more info)

warning: `ai-orz-macros` (lib test) generated 5 warnings (5 duplicates)
   Compiling dioxus v0.7.4
warning: unused import: `Error`
 --> common/src/error_test.rs:3:47
  |
3 | use crate::error::{bail_err, ensure_err, err, Error, ErrorCode, ErrorType, ErrorField, Result};
  |                                               ^^^^^

warning: `common` (lib) generated 1 warning (run `cargo fix --lib -p common` to apply 1 suggestion)
   Compiling frontend v0.1.0 (/Users/aman/.qclaw/workspace/ai_orz/frontend)
   Compiling datafusion v51.0.0
warning: frontend@0.1.0: Embedded backend configuration into frontend at compile time
warning: `common` (lib) generated 1 warning (1 duplicate)
warning: function `logout` is never used
   --> frontend/src/api/organization.rs:132:14
    |
132 | pub async fn logout() -> Result<LogoutResponse, String> {
    |              ^^^^^^
    |
    = note: `#[warn(dead_code)]` (part of `#[warn(unused)]`) on by default

warning: enum `AgentStatus` is never used
 --> frontend/src/components/agent_management.rs:6:10
  |
6 | pub enum AgentStatus {
  |          ^^^^^^^^^^^

warning: methods `to_str` and `color` are never used
  --> frontend/src/components/agent_management.rs:13:8
   |
12 | impl AgentStatus {
   | ---------------- methods in this implementation
13 |     fn to_str(&self) -> &str {
   |        ^^^^^^
...
21 |     fn color(&self) -> &str {
   |        ^^^^^

warning: variants `Member` and `Admin` are never constructed
 --> frontend/src/components/navbar.rs:6:5
  |
5 | pub enum UserRole {
  |          -------- variants in this enum
6 |     Member,
  |     ^^^^^^
7 |     Admin,
  |     ^^^^^
  |
  = note: `UserRole` has derived impls for the traits `Debug` and `Clone`, but these are intentionally ignored during dead code analysis

warning: `common` (lib test) generated 2 warnings (1 duplicate) (run `cargo fix --lib -p common --tests` to apply 1 suggestion)
warning: `frontend` (bin "frontend" test) generated 4 warnings
   Compiling geodatafusion v0.2.0
   Compiling lance-geo v2.0.0
   Compiling lance-datafusion v2.0.0
   Compiling lance v2.0.0
   Compiling lance-namespace-impls v2.0.0
   Compiling lancedb v0.26.2
   Compiling ai_orz v0.1.0 (/Users/aman/.qclaw/workspace/ai_orz)
warning: unused import: `common::error::Result`
  --> src/pkg/logging.rs:20:5
   |
20 | use common::error::Result;
   |     ^^^^^^^^^^^^^^^^^^^^^
   |
   = note: `#[warn(unused_imports)]` (part of `#[warn(unused)]`) on by default

warning: unused import: `Error`
 --> src/pkg/storage/lance.rs:9:21
  |
9 | use common::error::{Error, Result};
  |                     ^^^^^

warning: unused import: `Error`
  --> src/pkg/tool_registry/handler_adapter/mod.rs:15:21
   |
15 | use common::error::{Error, Result};
   |                     ^^^^^

warning: unused import: `common::error::Result`
   --> src/pkg/tool_registry/handler_adapter/mod.rs:246:5
    |
246 | use common::error::Result;
    |     ^^^^^^^^^^^^^^^^^^^^^

warning: unused import: `rig::tool::ToolError`
  --> src/pkg/tool_registry/http.rs:13:5
   |
13 | use rig::tool::ToolError;
   |     ^^^^^^^^^^^^^^^^^^^^

warning: unused import: `bail_err`
  --> src/pkg/tool_registry/http.rs:21:14
   |
21 | use common::{bail_err, err};
   |              ^^^^^^^^

warning: unused import: `anyhow::anyhow`
 --> src/pkg/tool_tracing/tool_call_logger.rs:6:5
  |
6 | use anyhow::anyhow;
  |     ^^^^^^^^^^^^^^

warning: unused import: `rig::tool::ToolError`
  --> src/pkg/tool_tracing/tool_call_logger.rs:10:5
   |
10 | use rig::tool::ToolError;
   |     ^^^^^^^^^^^^^^^^^^^^

warning: unused import: `std::fs`
 --> src/config.rs:7:5
  |
7 | use std::fs;
  |     ^^^^^^^

warning: unused import: `std::path::Path`
 --> src/config.rs:8:5
  |
8 | use std::path::Path;
  |     ^^^^^^^^^^^^^^^

warning: unused import: `crate::models::tool::ToolCallTraceRef`
 --> src/consumer/message.rs:7:5
  |
7 | use crate::models::tool::ToolCallTraceRef;
  |     ^^^^^^^^^^^^^^^^^^^^^^^^^^^^^^^^^^^^^

warning: unused import: `common::error::err`
  --> src/handlers/finance/attachment/create_text_attachment.rs:18:5
   |
18 | use common::error::err;
   |     ^^^^^^^^^^^^^^^^^^

warning: unused import: `err`
  --> src/handlers/finance/attachment/list_attachments.rs:14:29
   |
14 | use common::error::{Result, err, bail_err};
   |                             ^^^

warning: unused import: `Result`
  --> src/handlers/finance/attachment/upload_attachment.rs:10:36
   |
10 | use common::error::{err, bail_err, Result};
   |                                    ^^^^^^

warning: type `CREATE_MCP_SERVER_FACTORY` should have an upper camel case name
  --> src/handlers/finance/mcp_server/create_mcp_server.rs:22:14
   |
22 | pub async fn create_mcp_server(
   |              ^^^^^^^^^^^^^^^^^ help: convert the identifier to upper camel case: `CreateMcpServerFactory`
   |
   = note: `#[warn(non_camel_case_types)]` (part of `#[warn(nonstandard_style)]`) on by default

warning: type `DELETE_MCP_SERVER_FACTORY` should have an upper camel case name
  --> src/handlers/finance/mcp_server/delete_mcp_server.rs:18:14
   |
18 | pub async fn delete_mcp_server(
   |              ^^^^^^^^^^^^^^^^^ help: convert the identifier to upper camel case: `DeleteMcpServerFactory`

warning: type `GET_MCP_SERVER_FACTORY` should have an upper camel case name
  --> src/handlers/finance/mcp_server/get_mcp_server.rs:20:14
   |
20 | pub async fn get_mcp_server(
   |              ^^^^^^^^^^^^^^ help: convert the identifier to upper camel case: `GetMcpServerFactory`

warning: type `LIST_MCP_SERVERS_FACTORY` should have an upper camel case name
  --> src/handlers/finance/mcp_server/list_mcp_servers.rs:21:14
   |
21 | pub async fn list_mcp_servers(
   |              ^^^^^^^^^^^^^^^^ help: convert the identifier to upper camel case: `ListMcpServersFactory`

warning: type `UPDATE_MCP_SERVER_FACTORY` should have an upper camel case name
  --> src/handlers/finance/mcp_server/update_mcp_server.rs:20:14
   |
20 | pub async fn update_mcp_server(
   |              ^^^^^^^^^^^^^^^^^ help: convert the identifier to upper camel case: `UpdateMcpServerFactory`

warning: type `UPDATE_MCP_SERVER_STATUS_FACTORY` should have an upper camel case name
  --> src/handlers/finance/mcp_server/update_mcp_server_status.rs:21:14
   |
21 | pub async fn update_mcp_server_status(
   |              ^^^^^^^^^^^^^^^^^^^^^^^^ help: convert the identifier to upper camel case: `UpdateMcpServerStatusFactory`

warning: type `LIST_MCP_TOOLS_BY_SERVER_FACTORY` should have an upper camel case name
  --> src/handlers/finance/mcp_tool/list_mcp_tools_by_server.rs:19:14
   |
19 | pub async fn list_mcp_tools_by_server(
   |              ^^^^^^^^^^^^^^^^^^^^^^^^ help: convert the identifier to upper camel case: `ListMcpToolsByServerFactory`

warning: type `SYNC_MCP_TOOLS_FACTORY` should have an upper camel case name
  --> src/handlers/finance/mcp_tool/sync_mcp_tools.rs:17:14
   |
17 | pub async fn sync_mcp_tools(
   |              ^^^^^^^^^^^^^^ help: convert the identifier to upper camel case: `SyncMcpToolsFactory`

warning: unused import: `MessageChannelDetail`
 --> src/handlers/finance/message_channel/create_message_channel.rs:5:64
  |
5 |     CreateMessageChannelRequest, CreateMessageChannelResponse, MessageChannelDetail,
  |                                                                ^^^^^^^^^^^^^^^^^^^^

warning: type `CREATE_MESSAGE_CHANNEL_FACTORY` should have an upper camel case name
  --> src/handlers/finance/message_channel/create_message_channel.rs:24:14
   |
24 | pub async fn create_message_channel(
   |              ^^^^^^^^^^^^^^^^^^^^^^ help: convert the identifier to upper camel case: `CreateMessageChannelFactory`

warning: type `DELETE_MESSAGE_CHANNEL_FACTORY` should have an upper camel case name
  --> src/handlers/finance/message_channel/delete_message_channel.rs:17:14
   |
17 | pub async fn delete_message_channel(
   |              ^^^^^^^^^^^^^^^^^^^^^^ help: convert the identifier to upper camel case: `DeleteMessageChannelFactory`

warning: unused import: `MessageChannelDetail`
 --> src/handlers/finance/message_channel/get_message_channel.rs:6:72
  |
6 | use common::api::{GetMessageChannelRequest, GetMessageChannelResponse, MessageChannelDetail};
  |                                                                        ^^^^^^^^^^^^^^^^^^^^

warning: type `GET_MESSAGE_CHANNEL_FACTORY` should have an upper camel case name
  --> src/handlers/finance/message_channel/get_message_channel.rs:19:14
   |
19 | pub async fn get_message_channel(
   |              ^^^^^^^^^^^^^^^^^^^ help: convert the identifier to upper camel case: `GetMessageChannelFactory`

warning: unused import: `crate::service::dao::message_channel::MessageChannelQuery`
 --> src/handlers/finance/message_channel/list_message_channels.rs:4:5
  |
4 | use crate::service::dao::message_channel::MessageChannelQuery;
  |     ^^^^^^^^^^^^^^^^^^^^^^^^^^^^^^^^^^^^^^^^^^^^^^^^^^^^^^^^^

warning: type `LIST_MESSAGE_CHANNELS_FACTORY` should have an upper camel case name
  --> src/handlers/finance/message_channel/list_message_channels.rs:22:14
   |
22 | pub async fn list_message_channels(
   |              ^^^^^^^^^^^^^^^^^^^^^ help: convert the identifier to upper camel case: `ListMessageChannelsFactory`

warning: type `TEST_MESSAGE_CHANNEL_CONNECTION_FACTORY` should have an upper camel case name
  --> src/handlers/finance/message_channel/test_message_channel_connection.rs:17:14
   |
17 | pub async fn test_message_channel_connection(
   |              ^^^^^^^^^^^^^^^^^^^^^^^^^^^^^^^ help: convert the identifier to upper camel case: `TestMessageChannelConnectionFactory`

warning: unused import: `MessageChannelDetail`
 --> src/handlers/finance/message_channel/update_message_channel.rs:7:5
  |
7 |     MessageChannelDetail, UpdateMessageChannelRequest, UpdateMessageChannelResponse,
  |     ^^^^^^^^^^^^^^^^^^^^

warning: type `UPDATE_MESSAGE_CHANNEL_FACTORY` should have an upper camel case name
  --> src/handlers/finance/message_channel/update_message_channel.rs:21:14
   |
21 | pub async fn update_message_channel(
   |              ^^^^^^^^^^^^^^^^^^^^^^ help: convert the identifier to upper camel case: `UpdateMessageChannelFactory`

warning: unused import: `MessageChannelDetail`
 --> src/handlers/finance/message_channel/update_message_channel_status.rs:7:5
  |
7 |     MessageChannelDetail, UpdateMessageChannelStatusRequest, UpdateMessageChannelStatusResponse,
  |     ^^^^^^^^^^^^^^^^^^^^

warning: type `UPDATE_MESSAGE_CHANNEL_STATUS_FACTORY` should have an upper camel case name
  --> src/handlers/finance/message_channel/update_message_channel_status.rs:21:14
   |
21 | pub async fn update_message_channel_status(
   |              ^^^^^^^^^^^^^^^^^^^^^^^^^^^^^ help: convert the identifier to upper camel case: `UpdateMessageChannelStatusFactory`

warning: type `CALL_MODEL_FACTORY` should have an upper camel case name
  --> src/handlers/finance/model_provider/call_model.rs:17:14
   |
17 | pub async fn call_model(
   |              ^^^^^^^^^^ help: convert the identifier to upper camel case: `CallModelFactory`

warning: type `CREATE_MODEL_PROVIDER_FACTORY` should have an upper camel case name
  --> src/handlers/finance/model_provider/create_model_provider.rs:18:14
   |
18 | pub async fn create_model_provider(
   |              ^^^^^^^^^^^^^^^^^^^^^ help: convert the identifier to upper camel case: `CreateModelProviderFactory`

warning: type `DELETE_MODEL_PROVIDER_FACTORY` should have an upper camel case name
  --> src/handlers/finance/model_provider/delete_model_provider.rs:17:14
   |
17 | pub async fn delete_model_provider(
   |              ^^^^^^^^^^^^^^^^^^^^^ help: convert the identifier to upper camel case: `DeleteModelProviderFactory`

warning: type `GET_MODEL_PROVIDER_FACTORY` should have an upper camel case name
  --> src/handlers/finance/model_provider/get_model_provider.rs:17:14
   |
17 | pub async fn get_model_provider(
   |              ^^^^^^^^^^^^^^^^^^ help: convert the identifier to upper camel case: `GetModelProviderFactory`

warning: type `LIST_MODEL_PROVIDERS_FACTORY` should have an upper camel case name
  --> src/handlers/finance/model_provider/list_model_providers.rs:17:14
   |
17 | pub async fn list_model_providers(
   |              ^^^^^^^^^^^^^^^^^^^^ help: convert the identifier to upper camel case: `ListModelProvidersFactory`

warning: type `TEST_MODEL_PROVIDER_CONNECTION_FACTORY` should have an upper camel case name
  --> src/handlers/finance/model_provider/test_connection.rs:17:14
   |
17 | pub async fn test_model_provider_connection(
   |              ^^^^^^^^^^^^^^^^^^^^^^^^^^^^^^ help: convert the identifier to upper camel case: `TestModelProviderConnectionFactory`

warning: type `UPDATE_MODEL_PROVIDER_FACTORY` should have an upper camel case name
  --> src/handlers/finance/model_provider/update_model_provider.rs:25:14
   |
25 | pub async fn update_model_provider(
   |              ^^^^^^^^^^^^^^^^^^^^^ help: convert the identifier to upper camel case: `UpdateModelProviderFactory`

warning: type `BIND_TOOL_TO_AGENT_FACTORY` should have an upper camel case name
  --> src/handlers/finance/tool/bind_tool_to_agent.rs:17:14
   |
17 | pub async fn bind_tool_to_agent(
   |              ^^^^^^^^^^^^^^^^^^ help: convert the identifier to upper camel case: `BindToolToAgentFactory`

warning: unused import: `err`
  --> src/handlers/finance/tool/create_tool.rs:10:29
   |
10 | use common::error::{Result, err, bail_err};
   |                             ^^^

warning: type `CREATE_TOOL_FACTORY` should have an upper camel case name
  --> src/handlers/finance/tool/create_tool.rs:20:14
   |
20 | pub async fn create_tool(
   |              ^^^^^^^^^^^ help: convert the identifier to upper camel case: `CreateToolFactory`

warning: type `DELETE_TOOL_FACTORY` should have an upper camel case name
  --> src/handlers/finance/tool/delete_tool.rs:17:14
   |
17 | pub async fn delete_tool(
   |              ^^^^^^^^^^^ help: convert the identifier to upper camel case: `DeleteToolFactory`

warning: type `GET_TOOL_FACTORY` should have an upper camel case name
  --> src/handlers/finance/tool/get_tool.rs:19:14
   |
19 | pub async fn get_tool(
   |              ^^^^^^^^ help: convert the identifier to upper camel case: `GetToolFactory`

warning: type `GET_TOOL_CALL_ENTRY_FACTORY` should have an upper camel case name
  --> src/handlers/finance/tool/get_tool_call_entry.rs:20:14
   |
20 | pub async fn get_tool_call_entry(
   |              ^^^^^^^^^^^^^^^^^^^ help: convert the identifier to upper camel case: `GetToolCallEntryFactory`

warning: type `LIST_TOOLS_FACTORY` should have an upper camel case name
  --> src/handlers/finance/tool/list_tools.rs:20:14
   |
20 | pub async fn list_tools(
   |              ^^^^^^^^^^ help: convert the identifier to upper camel case: `ListToolsFactory`

warning: type `QUERY_TOOL_CALL_ENTRIES_FACTORY` should have an upper camel case name
  --> src/handlers/finance/tool/query_tool_call_entries.rs:20:14
   |
20 | pub async fn query_tool_call_entries(
   |              ^^^^^^^^^^^^^^^^^^^^^^^ help: convert the identifier to upper camel case: `QueryToolCallEntriesFactory`

warning: type `UNBIND_TOOL_FROM_AGENT_FACTORY` should have an upper camel case name
  --> src/handlers/finance/tool/unbind_tool_from_agent.rs:17:14
   |
17 | pub async fn unbind_tool_from_agent(
   |              ^^^^^^^^^^^^^^^^^^^^^^ help: convert the identifier to upper camel case: `UnbindToolFromAgentFactory`

warning: type `UPDATE_TOOL_FACTORY` should have an upper camel case name
  --> src/handlers/finance/tool/update_tool.rs:21:14
   |
21 | pub async fn update_tool(
   |              ^^^^^^^^^^^ help: convert the identifier to upper camel case: `UpdateToolFactory`

warning: type `UPDATE_TOOL_STATUS_FACTORY` should have an upper camel case name
  --> src/handlers/finance/tool/update_tool_status.rs:19:14
   |
19 | pub async fn update_tool_status(
   |              ^^^^^^^^^^^^^^^^^^ help: convert the identifier to upper camel case: `UpdateToolStatusFactory`

warning: type `CREATE_AGENT_FACTORY` should have an upper camel case name
  --> src/handlers/hr/agent/create_agent.rs:18:14
   |
18 | pub async fn create_agent(
   |              ^^^^^^^^^^^^ help: convert the identifier to upper camel case: `CreateAgentFactory`

warning: type `DELETE_AGENT_FACTORY` should have an upper camel case name
  --> src/handlers/hr/agent/delete_agent.rs:17:14
   |
17 | pub async fn delete_agent(
   |              ^^^^^^^^^^^^ help: convert the identifier to upper camel case: `DeleteAgentFactory`

warning: type `GET_AGENT_FACTORY` should have an upper camel case name
  --> src/handlers/hr/agent/get_agent.rs:17:14
   |
17 | pub async fn get_agent(
   |              ^^^^^^^^^ help: convert the identifier to upper camel case: `GetAgentFactory`

warning: unused import: `crate::service::dao::agent::AgentQuery`
 --> src/handlers/hr/agent/list_agents.rs:5:5
  |
5 | use crate::service::dao::agent::AgentQuery;
  |     ^^^^^^^^^^^^^^^^^^^^^^^^^^^^^^^^^^^^^^

warning: type `LIST_AGENTS_FACTORY` should have an upper camel case name
  --> src/handlers/hr/agent/list_agents.rs:18:14
   |
18 | pub async fn list_agents(
   |              ^^^^^^^^^^^ help: convert the identifier to upper camel case: `ListAgentsFactory`

warning: type `UPDATE_AGENT_FACTORY` should have an upper camel case name
  --> src/handlers/hr/agent/update_agent.rs:18:14
   |
18 | pub async fn update_agent(
   |              ^^^^^^^^^^^^ help: convert the identifier to upper camel case: `UpdateAgentFactory`

warning: type `UPDATE_AGENT_STATUS_FACTORY` should have an upper camel case name
  --> src/handlers/hr/agent/update_agent_status.rs:17:14
   |
17 | pub async fn update_agent_status(
   |              ^^^^^^^^^^^^^^^^^^^ help: convert the identifier to upper camel case: `UpdateAgentStatusFactory`

warning: type `CREATE_SKILL_FACTORY` should have an upper camel case name
  --> src/handlers/hr/skill/create_skill.rs:21:14
   |
21 | pub async fn create_skill(
   |              ^^^^^^^^^^^^ help: convert the identifier to upper camel case: `CreateSkillFactory`

warning: type `DELETE_SKILL_FACTORY` should have an upper camel case name
  --> src/handlers/hr/skill/delete_skill.rs:17:14
   |
17 | pub async fn delete_skill(ctx: RequestContext, params: DeleteSkillRequest) -> Result<()> {
   |              ^^^^^^^^^^^^ help: convert the identifier to upper camel case: `DeleteSkillFactory`

warning: type `GET_SKILL_FACTORY` should have an upper camel case name
  --> src/handlers/hr/skill/get_skill.rs:19:14
   |
19 | pub async fn get_skill(
   |              ^^^^^^^^^ help: convert the identifier to upper camel case: `GetSkillFactory`

warning: unused import: `err`
 --> src/handlers/hr/skill/get_skill_file_content.rs:7:29
  |
7 | use common::error::{Result, err, bail_err};
  |                             ^^^

warning: type `GET_SKILL_FILE_CONTENT_FACTORY` should have an upper camel case name
  --> src/handlers/hr/skill/get_skill_file_content.rs:17:14
   |
17 | pub async fn get_skill_file_content(
   |              ^^^^^^^^^^^^^^^^^^^^^^ help: convert the identifier to upper camel case: `GetSkillFileContentFactory`

warning: type `INSTALL_SKILL_TO_AGENT_FACTORY` should have an upper camel case name
  --> src/handlers/hr/skill/install_skill_to_agent.rs:19:14
   |
19 | pub async fn install_skill_to_agent(
   |              ^^^^^^^^^^^^^^^^^^^^^^ help: convert the identifier to upper camel case: `InstallSkillToAgentFactory`

warning: unused import: `SkillListItem`
 --> src/handlers/hr/skill/list_agent_skills.rs:7:68
  |
7 | use common::api::{ListAgentSkillsRequest, ListAgentSkillsResponse, SkillListItem};
  |                                                                    ^^^^^^^^^^^^^

warning: type `LIST_AGENT_SKILLS_FACTORY` should have an upper camel case name
  --> src/handlers/hr/skill/list_agent_skills.rs:19:14
   |
19 | pub async fn list_agent_skills(
   |              ^^^^^^^^^^^^^^^^^ help: convert the identifier to upper camel case: `ListAgentSkillsFactory`

warning: unused import: `err`
 --> src/handlers/hr/skill/list_skill_files.rs:7:29
  |
7 | use common::error::{Result, err, bail_err};
  |                             ^^^

warning: type `LIST_SKILL_FILES_FACTORY` should have an upper camel case name
  --> src/handlers/hr/skill/list_skill_files.rs:17:14
   |
17 | pub async fn list_skill_files(
   |              ^^^^^^^^^^^^^^^^ help: convert the identifier to upper camel case: `ListSkillFilesFactory`

warning: unused import: `SkillListItem`
 --> src/handlers/hr/skill/list_skills.rs:8:58
  |
8 | use common::api::{ListSkillsRequest, ListSkillsResponse, SkillListItem};
  |                                                          ^^^^^^^^^^^^^

warning: type `LIST_SKILLS_FACTORY` should have an upper camel case name
  --> src/handlers/hr/skill/list_skills.rs:21:14
   |
21 | pub async fn list_skills(
   |              ^^^^^^^^^^^ help: convert the identifier to upper camel case: `ListSkillsFactory`

warning: unused import: `SkillListItem`
 --> src/handlers/hr/skill/search_skills.rs:8:62
  |
8 | use common::api::{SearchSkillsRequest, SearchSkillsResponse, SkillListItem};
  |                                                              ^^^^^^^^^^^^^

warning: type `SEARCH_SKILLS_FACTORY` should have an upper camel case name
  --> src/handlers/hr/skill/search_skills.rs:21:14
   |
21 | pub async fn search_skills(
   |              ^^^^^^^^^^^^^ help: convert the identifier to upper camel case: `SearchSkillsFactory`

warning: type `UPDATE_SKILL_FACTORY` should have an upper camel case name
  --> src/handlers/hr/skill/update_skill.rs:21:14
   |
21 | pub async fn update_skill(
   |              ^^^^^^^^^^^^ help: convert the identifier to upper camel case: `UpdateSkillFactory`

warning: type `UPDATE_SKILL_FILE_CONTENT_FACTORY` should have an upper camel case name
  --> src/handlers/hr/skill/update_skill_file_content.rs:17:14
   |
17 | pub async fn update_skill_file_content(
   |              ^^^^^^^^^^^^^^^^^^^^^^^^^ help: convert the identifier to upper camel case: `UpdateSkillFileContentFactory`

warning: type `DELETE_ORGANIZATION_FACTORY` should have an upper camel case name
  --> src/handlers/organization/organization/delete_organization.rs:17:14
   |
17 | pub async fn delete_organization(
   |              ^^^^^^^^^^^^^^^^^^^ help: convert the identifier to upper camel case: `DeleteOrganizationFactory`

warning: type `GET_ORGANIZATION_FACTORY` should have an upper camel case name
  --> src/handlers/organization/organization/get_organization.rs:17:14
   |
17 | pub async fn get_organization(
   |              ^^^^^^^^^^^^^^^^ help: convert the identifier to upper camel case: `GetOrganizationFactory`

warning: type `LIST_ORGANIZATIONS_FACTORY` should have an upper camel case name
  --> src/handlers/organization/organization/list_organizations.rs:18:14
   |
18 | pub async fn list_organizations(
   |              ^^^^^^^^^^^^^^^^^^ help: convert the identifier to upper camel case: `ListOrganizationsFactory`

warning: unused import: `GetOrganizationResponse`
 --> src/handlers/organization/organization/update_organization.rs:8:5
  |
8 |     GetOrganizationResponse, OrganizationInfoResponse, UpdateOrganizationRequest,
  |     ^^^^^^^^^^^^^^^^^^^^^^^

warning: type `UPDATE_ORGANIZATION_FACTORY` should have an upper camel case name
  --> src/handlers/organization/organization/update_organization.rs:21:14
   |
21 | pub async fn update_organization(
   |              ^^^^^^^^^^^^^^^^^^^ help: convert the identifier to upper camel case: `UpdateOrganizationFactory`

warning: type `GET_CURRENT_ORGANIZATION_FACTORY` should have an upper camel case name
  --> src/handlers/organization/organization_me/get_current_organization.rs:19:14
   |
19 | pub async fn get_current_organization(
   |              ^^^^^^^^^^^^^^^^^^^^^^^^ help: convert the identifier to upper camel case: `GetCurrentOrganizationFactory`

warning: type `UPDATE_CURRENT_ORGANIZATION_FACTORY` should have an upper camel case name
  --> src/handlers/organization/organization_me/update_current_organization.rs:20:14
   |
20 | pub async fn update_current_organization(
   |              ^^^^^^^^^^^^^^^^^^^^^^^^^^^ help: convert the identifier to upper camel case: `UpdateCurrentOrganizationFactory`

warning: type `CREATE_USER_FACTORY` should have an upper camel case name
  --> src/handlers/organization/user/create_user.rs:20:14
   |
20 | pub async fn create_user(
   |              ^^^^^^^^^^^ help: convert the identifier to upper camel case: `CreateUserFactory`

warning: type `DELETE_USER_FACTORY` should have an upper camel case name
  --> src/handlers/organization/user/delete_user.rs:17:14
   |
17 | pub async fn delete_user(
   |              ^^^^^^^^^^^ help: convert the identifier to upper camel case: `DeleteUserFactory`

warning: unused import: `crate::models::user::UserPo`
 --> src/handlers/organization/user/get_user_by_username.rs:4:5
  |
4 | use crate::models::user::UserPo;
  |     ^^^^^^^^^^^^^^^^^^^^^^^^^^^

warning: type `GET_USER_BY_USERNAME_FACTORY` should have an upper camel case name
  --> src/handlers/organization/user/get_user_by_username.rs:18:14
   |
18 | pub async fn get_user_by_username(
   |              ^^^^^^^^^^^^^^^^^^^^ help: convert the identifier to upper camel case: `GetUserByUsernameFactory`

warning: type `LIST_USERS_BY_CURRENT_ORGANIZATION_FACTORY` should have an upper camel case name
  --> src/handlers/organization/user/list_users_by_current_organization.rs:17:14
   |
17 | pub async fn list_users_by_current_organization(
   |              ^^^^^^^^^^^^^^^^^^^^^^^^^^^^^^^^^^ help: convert the identifier to upper camel case: `ListUsersByCurrentOrganizationFactory`

warning: type `LIST_USERS_BY_ORGANIZATION_FACTORY` should have an upper camel case name
  --> src/handlers/organization/user/list_users_by_organization.rs:17:14
   |
17 | pub async fn list_users_by_organization(
   |              ^^^^^^^^^^^^^^^^^^^^^^^^^^ help: convert the identifier to upper camel case: `ListUsersByOrganizationFactory`

warning: type `UPDATE_USER_FACTORY` should have an upper camel case name
  --> src/handlers/organization/user/update_user.rs:27:14
   |
27 | pub async fn update_user(
   |              ^^^^^^^^^^^ help: convert the identifier to upper camel case: `UpdateUserFactory`

warning: type `CREATE_ARTIFACT_FACTORY` should have an upper camel case name
  --> src/handlers/project/artifact/create_artifact.rs:21:14
   |
21 | pub async fn create_artifact(
   |              ^^^^^^^^^^^^^^^ help: convert the identifier to upper camel case: `CreateArtifactFactory`

warning: type `DELETE_ARTIFACT_FACTORY` should have an upper camel case name
  --> src/handlers/project/artifact/delete_artifact.rs:17:14
   |
17 | pub async fn delete_artifact(
   |              ^^^^^^^^^^^^^^^ help: convert the identifier to upper camel case: `DeleteArtifactFactory`

warning: type `GET_ARTIFACT_FACTORY` should have an upper camel case name
  --> src/handlers/project/artifact/get_artifact.rs:18:14
   |
18 | pub async fn get_artifact(
   |              ^^^^^^^^^^^^ help: convert the identifier to upper camel case: `GetArtifactFactory`

warning: type `GET_ARTIFACT_CONTENT_FACTORY` should have an upper camel case name
  --> src/handlers/project/artifact/get_artifact_content.rs:19:14
   |
19 | pub async fn get_artifact_content(
   |              ^^^^^^^^^^^^^^^^^^^^ help: convert the identifier to upper camel case: `GetArtifactContentFactory`

warning: unused import: `err`
 --> src/handlers/project/artifact/list_artifacts.rs:8:29
  |
8 | use common::error::{Result, err, bail_err};
  |                             ^^^

warning: type `LIST_ARTIFACTS_FACTORY` should have an upper camel case name
  --> src/handlers/project/artifact/list_artifacts.rs:20:14
   |
20 | pub async fn list_artifacts(
   |              ^^^^^^^^^^^^^^ help: convert the identifier to upper camel case: `ListArtifactsFactory`

warning: unused import: `err`
 --> src/handlers/project/artifact/update_artifact_content.rs:7:29
  |
7 | use common::error::{Result, err, bail_err};
  |                             ^^^

warning: type `UPDATE_ARTIFACT_CONTENT_FACTORY` should have an upper camel case name
  --> src/handlers/project/artifact/update_artifact_content.rs:17:14
   |
17 | pub async fn update_artifact_content(
   |              ^^^^^^^^^^^^^^^^^^^^^^^ help: convert the identifier to upper camel case: `UpdateArtifactContentFactory`

warning: unused import: `err`
 --> src/handlers/project/project/create_project.rs:8:29
  |
8 | use common::error::{Result, err, bail_err};
  |                             ^^^

warning: type `CREATE_PROJECT_FACTORY` should have an upper camel case name
  --> src/handlers/project/project/create_project.rs:18:14
   |
18 | pub async fn create_project(
   |              ^^^^^^^^^^^^^^ help: convert the identifier to upper camel case: `CreateProjectFactory`

warning: type `GET_PROJECT_FACTORY` should have an upper camel case name
  --> src/handlers/project/project/get_project.rs:18:14
   |
18 | pub async fn get_project(
   |              ^^^^^^^^^^^ help: convert the identifier to upper camel case: `GetProjectFactory`

warning: unused import: `err`
 --> src/handlers/project/project/list_projects.rs:8:29
  |
8 | use common::error::{Result, err, bail_err};
  |                             ^^^

warning: type `LIST_PROJECTS_FACTORY` should have an upper camel case name
  --> src/handlers/project/project/list_projects.rs:18:14
   |
18 | pub async fn list_projects(
   |              ^^^^^^^^^^^^^ help: convert the identifier to upper camel case: `ListProjectsFactory`

warning: type `UPDATE_PROJECT_FACTORY` should have an upper camel case name
  --> src/handlers/project/project/update_project.rs:18:14
   |
18 | pub async fn update_project(
   |              ^^^^^^^^^^^^^^ help: convert the identifier to upper camel case: `UpdateProjectFactory`

warning: type `UPDATE_PROJECT_STATUS_FACTORY` should have an upper camel case name
  --> src/handlers/project/project/update_project_status.rs:18:14
   |
18 | pub async fn update_project_status(
   |              ^^^^^^^^^^^^^^^^^^^^^ help: convert the identifier to upper camel case: `UpdateProjectStatusFactory`

warning: unused import: `err`
 --> src/handlers/project/task/create_task.rs:9:29
  |
9 | use common::error::{Result, err, bail_err};
  |                             ^^^

warning: type `CREATE_TASK_FACTORY` should have an upper camel case name
  --> src/handlers/project/task/create_task.rs:19:14
   |
19 | pub async fn create_task(
   |              ^^^^^^^^^^^ help: convert the identifier to upper camel case: `CreateTaskFactory`

warning: type `GET_TASK_FACTORY` should have an upper camel case name
  --> src/handlers/project/task/get_task.rs:18:14
   |
18 | pub async fn get_task(
   |              ^^^^^^^^ help: convert the identifier to upper camel case: `GetTaskFactory`

warning: type `LIST_AGENT_TASKS_FACTORY` should have an upper camel case name
  --> src/handlers/project/task/list_agent_tasks.rs:19:14
   |
19 | pub async fn list_agent_tasks(
   |              ^^^^^^^^^^^^^^^^ help: convert the identifier to upper camel case: `ListAgentTasksFactory`

warning: type `LIST_PROJECT_TASKS_FACTORY` should have an upper camel case name
  --> src/handlers/project/task/list_project_tasks.rs:18:14
   |
18 | pub async fn list_project_tasks(
   |              ^^^^^^^^^^^^^^^^^^ help: convert the identifier to upper camel case: `ListProjectTasksFactory`

warning: type `UPDATE_TASK_FACTORY` should have an upper camel case name
  --> src/handlers/project/task/update_task.rs:18:14
   |
18 | pub async fn update_task(
   |              ^^^^^^^^^^^ help: convert the identifier to upper camel case: `UpdateTaskFactory`

warning: type `UPDATE_TASK_STATUS_FACTORY` should have an upper camel case name
  --> src/handlers/project/task/update_task_status.rs:18:14
   |
18 | pub async fn update_task_status(
   |              ^^^^^^^^^^^^^^^^^^ help: convert the identifier to upper camel case: `UpdateTaskStatusFactory`

warning: type `GET_CURRENT_USER_FACTORY` should have an upper camel case name
  --> src/handlers/user/profile/get_current_user.rs:18:14
   |
18 | pub async fn get_current_user(
   |              ^^^^^^^^^^^^^^^^ help: convert the identifier to upper camel case: `GetCurrentUserFactory`

warning: type `UPDATE_CURRENT_USER_FACTORY` should have an upper camel case name
  --> src/handlers/user/profile/update_current_user.rs:19:14
   |
19 | pub async fn update_current_user(
   |              ^^^^^^^^^^^^^^^^^^^ help: convert the identifier to upper camel case: `UpdateCurrentUserFactory`

warning: unused import: `common::error::Error`
 --> src/middleware/jwt_auth.rs:6:5
  |
6 | use common::error::Error;
  |     ^^^^^^^^^^^^^^^^^^^^

warning: unused import: `self`
 --> src/models/brain.rs:9:29
  |
9 | use crate::models::memory::{self};
  |                             ^^^^

warning: unused import: `rig::completion::ToolDefinition`
  --> src/models/tool.rs:10:5
   |
10 | use rig::completion::ToolDefinition;
   |     ^^^^^^^^^^^^^^^^^^^^^^^^^^^^^^^

warning: unused import: `common::error::Result`
 --> src/models/vector.rs:6:5
  |
6 | use common::error::Result;
  |     ^^^^^^^^^^^^^^^^^^^^^

warning: unused import: `bail_err`
 --> src/service/dal/brain.rs:7:26
  |
7 | use common::error::{err, bail_err, Result};
  |                          ^^^^^^^^

warning: unused import: `rig::tool::ToolDyn`
  --> src/service/dal/brain.rs:16:5
   |
16 | use rig::tool::ToolDyn;
   |     ^^^^^^^^^^^^^^^^^^

warning: unused import: `err`
 --> src/service/dal/mcp_server.rs:7:21
  |
7 | use common::error::{err, bail_err, Result};
  |                     ^^^

warning: unused import: `crate::pkg::tool_tracing::entry::ToolCallEntry`
  --> src/service/dal/mcp_tool.rs:11:5
   |
11 | use crate::pkg::tool_tracing::entry::ToolCallEntry;
   |     ^^^^^^^^^^^^^^^^^^^^^^^^^^^^^^^^^^^^^^^^^^^^^^

warning: unused import: `rig::tool::ToolError`
  --> src/service/dal/mcp_tool.rs:19:5
   |
19 | use rig::tool::ToolError;
   |     ^^^^^^^^^^^^^^^^^^^^

warning: unused import: `err`
 --> src/service/dal/memory.rs:9:21
  |
9 | use common::error::{err, bail_err, Result};
  |                     ^^^

warning: unused import: `bail_err`
  --> src/service/dal/message_channel.rs:14:26
   |
14 | use common::error::{err, bail_err, Result};
   |                          ^^^^^^^^

warning: unused import: `ProjectPo`
 --> src/service/dal/project.rs:6:39
  |
6 | use crate::models::project::{Project, ProjectPo};
  |                                       ^^^^^^^^^

warning: unused import: `MatchType`
 --> src/service/dal/tool.rs:8:29
  |
8 | use crate::models::vector::{MatchType, SearchMatchInfo};
  |                             ^^^^^^^^^

warning: unused import: `crate::pkg::tool_tracing::entry::ToolCallEntry`
  --> src/service/dal/tool.rs:10:5
   |
10 | use crate::pkg::tool_tracing::entry::ToolCallEntry;
   |     ^^^^^^^^^^^^^^^^^^^^^^^^^^^^^^^^^^^^^^^^^^^^^^

warning: unused import: `self`
  --> src/service/dal/tool.rs:13:33
   |
13 | use crate::service::dao::tool::{self, ToolDao, ToolQuery, ToolVectorDao};
   |                                 ^^^^

warning: unused import: `anyhow::Result as AnyhowResult`
  --> src/service/dal/tool.rs:15:5
   |
15 | use anyhow::Result as AnyhowResult;
   |     ^^^^^^^^^^^^^^^^^^^^^^^^^^^^^^

warning: unused import: `common::enums::UserStatus`
  --> src/service/dal/user.rs:10:5
   |
10 | use common::enums::UserStatus;
   |     ^^^^^^^^^^^^^^^^^^^^^^^^^

warning: unused import: `Error`
 --> src/service/dao/agent/sqlite.rs:3:21
  |
3 | use common::error::{Error, Result};
  |                     ^^^^^

warning: unused imports: `Error` and `err`
 --> src/service/dao/artifact/sqlite.rs:4:21
  |
4 | use common::error::{err, bail_err, Error, Result};
  |                     ^^^            ^^^^^

warning: unused import: `Path`
 --> src/service/dao/artifact/sqlite.rs:9:17
  |
9 | use std::path::{Path, PathBuf};
  |                 ^^^^

warning: unused imports: `Error` and `err`
 --> src/service/dao/attachment/sqlite.rs:4:21
  |
4 | use common::error::{err, bail_err, Error, Result};
  |                     ^^^            ^^^^^

warning: unused import: `vector::VectorIndexParams`
 --> src/service/dao/cortex/rig.rs:3:64
  |
3 | use crate::models::{brain::*, model_provider::ModelProviderPo, vector::VectorIndexParams};
  |                                                                ^^^^^^^^^^^^^^^^^^^^^^^^^

warning: unused import: `Error`
 --> src/service/dao/event_queue/mod.rs:4:21
  |
4 | use common::error::{Error, Result};
  |                     ^^^^^

warning: unused import: `bail_err`
  --> src/service/dao/event_queue/in_memory.rs:14:26
   |
14 | use common::error::{err, bail_err, Result};
   |                          ^^^^^^^^

warning: unused imports: `Error`, `bail_err`, and `err`
 --> src/service/dao/memory/mod.rs:3:21
  |
3 | use common::error::{err, bail_err, Error, Result};
  |                     ^^^  ^^^^^^^^  ^^^^^

warning: unused import: `Error`
  --> src/service/dao/memory/sqlite.rs:10:21
   |
10 | use common::error::{Error, Result, bail_err};
   |                     ^^^^^

warning: unused import: `common::enums::MemoryStatus`
   --> src/service/dao/memory/sqlite.rs:259:13
    |
259 |         use common::enums::MemoryStatus;
    |             ^^^^^^^^^^^^^^^^^^^^^^^^^^^

warning: unused import: `common::enums::MemoryStatus`
   --> src/service/dao/memory/sqlite.rs:577:13
    |
577 |         use common::enums::MemoryStatus;
    |             ^^^^^^^^^^^^^^^^^^^^^^^^^^^

warning: unused imports: `bail_err` and `err`
   --> src/service/dao/memory/sqlite.rs:681:14
    |
681 | use common::{err, bail_err};
    |              ^^^  ^^^^^^^^

warning: unused import: `common::error::Result`
   --> src/service/dao/memory/sqlite.rs:682:5
    |
682 | use common::error::Result;
    |     ^^^^^^^^^^^^^^^^^^^^^

warning: unused imports: `Error` and `bail_err`
 --> src/service/dao/memory/vector.rs:4:26
  |
4 | use common::error::{err, bail_err, Error, Result};
  |                          ^^^^^^^^  ^^^^^

warning: unused import: `Error`
 --> src/service/dao/model_provider/mod.rs:3:21
  |
3 | use common::error::{Error, Result};
  |                     ^^^^^

warning: unused import: `Error`
 --> src/service/dao/model_provider/sqlite.rs:3:21
  |
3 | use common::error::{Error, Result};
  |                     ^^^^^

warning: unused import: `ProviderType`
 --> src/service/dao/model_provider/sqlite.rs:8:59
  |
8 | use common::enums::{ModelCapability, ModelProviderStatus, ProviderType};
  |                                                           ^^^^^^^^^^^^

warning: unused import: `common::error::Result`
   --> src/service/dao/model_provider/sqlite.rs:225:5
    |
225 | use common::error::Result;
    |     ^^^^^^^^^^^^^^^^^^^^^

warning: unused import: `Error`
 --> src/service/dao/organization/mod.rs:3:21
  |
3 | use common::error::{Error, Result};
  |                     ^^^^^

warning: unused import: `Error`
 --> src/service/dao/organization/sqlite.rs:3:21
  |
3 | use common::error::{Error, Result};
  |                     ^^^^^

warning: unused import: `common::error::Result`
   --> src/service/dao/organization/sqlite.rs:165:5
    |
165 | use common::error::Result;
    |     ^^^^^^^^^^^^^^^^^^^^^

warning: unused import: `Error`
 --> src/service/dao/project/mod.rs:3:21
  |
3 | use common::error::{Error, Result};
  |                     ^^^^^

warning: unused import: `Error`
 --> src/service/dao/project/sqlite.rs:7:21
  |
7 | use common::error::{Error, Result};
  |                     ^^^^^

warning: unused import: `Error`
 --> src/service/dao/skill/sqlite.rs:6:21
  |
6 | use common::error::{Error, Result};
  |                     ^^^^^

warning: unused imports: `ErrorCode` and `bail_err`
 --> src/service/dao/skill/vector.rs:4:26
  |
4 | use common::error::{err, bail_err, Result, ErrorCode};
  |                          ^^^^^^^^          ^^^^^^^^^

warning: unused imports: `Error`, `bail_err`, and `err`
  --> src/service/dao/skill/mod.rs:11:21
   |
11 | use common::error::{err, bail_err, Error, Result};
   |                     ^^^  ^^^^^^^^  ^^^^^

warning: unused import: `Error`
 --> src/service/dao/task/mod.rs:3:21
  |
3 | use common::error::{Error, Result};
  |                     ^^^^^

warning: unused import: `Error`
 --> src/service/dao/task/sqlite.rs:4:21
  |
4 | use common::error::{Error, Result};
  |                     ^^^^^

warning: unused imports: `Error`, `bail_err`, and `err`
 --> src/service/dao/tool/mod.rs:3:21
  |
3 | use common::error::{err, bail_err, Error, Result};
  |                     ^^^  ^^^^^^^^  ^^^^^

warning: unused import: `sqlx::SqlitePool`
 --> src/service/dao/tool/sqlite.rs:7:5
  |
7 | use sqlx::SqlitePool;
  |     ^^^^^^^^^^^^^^^^

warning: unused imports: `ErrorCode` and `bail_err`
 --> src/service/dao/tool/vector.rs:4:26
  |
4 | use common::error::{err, bail_err, Result, ErrorCode};
  |                          ^^^^^^^^          ^^^^^^^^^

warning: unused import: `crate::pkg::tool_tracing::entry::ToolCallEntry`
 --> src/service/dao/tool_call/mod.rs:9:5
  |
9 | use crate::pkg::tool_tracing::entry::ToolCallEntry;
  |     ^^^^^^^^^^^^^^^^^^^^^^^^^^^^^^^^^^^^^^^^^^^^^^

warning: unused import: `crate::pkg::tool_tracing::entry::ToolCallEntry`
 --> src/service/dao/tool_call/impl.rs:7:5
  |
7 | use crate::pkg::tool_tracing::entry::ToolCallEntry;
  |     ^^^^^^^^^^^^^^^^^^^^^^^^^^^^^^^^^^^^^^^^^^^^^^

warning: unused import: `dyn_clone::DynClone`
  --> src/service/dao/tool_call/impl.rs:11:5
   |
11 | use dyn_clone::DynClone;
   |     ^^^^^^^^^^^^^^^^^^^

warning: unused import: `crate::pkg::tool_tracing::entry::ToolCallEntry`
  --> src/service/dao/tool_call/mcp.rs:12:5
   |
12 | use crate::pkg::tool_tracing::entry::ToolCallEntry;
   |     ^^^^^^^^^^^^^^^^^^^^^^^^^^^^^^^^^^^^^^^^^^^^^^

warning: unused import: `Error`
 --> src/service/dao/user/mod.rs:3:21
  |
3 | use common::error::{Error, Result};
  |                     ^^^^^

warning: unused import: `Error`
 --> src/service/dao/user/sqlite.rs:3:21
  |
3 | use common::error::{Error, Result};
  |                     ^^^^^

warning: unused import: `common::error::Result`
 --> src/service/dao/email/mod.rs:6:5
  |
6 | use common::error::Result;
  |     ^^^^^^^^^^^^^^^^^^^^^

warning: unused import: `common::error::Result`
 --> src/service/dao/lark/mod.rs:6:5
  |
6 | use common::error::Result;
  |     ^^^^^^^^^^^^^^^^^^^^^

warning: unused import: `common::error::Result`
 --> src/service/dao/slack/mod.rs:6:5
  |
6 | use common::error::Result;
  |     ^^^^^^^^^^^^^^^^^^^^^

warning: unused imports: `Error` and `Result`
 --> src/service/dao/webhook/mod.rs:6:21
  |
6 | use common::error::{Error, Result};
  |                     ^^^^^  ^^^^^^

warning: unused import: `common::error::Result`
 --> src/service/dao/wechat/mod.rs:6:5
  |
6 | use common::error::Result;
  |     ^^^^^^^^^^^^^^^^^^^^^

warning: unused import: `AttachmentReadResult`
  --> src/service/domain/finance/mod.rs:32:39
   |
32 |     Attachment, AttachmentGetOptions, AttachmentReadResult, AttachmentTextContent,
   |                                       ^^^^^^^^^^^^^^^^^^^^

warning: unused import: `err`
 --> src/service/domain/hr/agent.rs:9:29
  |
9 | use common::error::{Result, err, bail_err};
  |                             ^^^

warning: unused import: `err`
  --> src/service/domain/hr/skill.rs:10:29
   |
10 | use common::error::{Result, err, bail_err};
   |                             ^^^

warning: unused import: `crate::service::dao::organization::OrganizationQuery`
 --> src/service/domain/organization/org.rs:9:5
  |
9 | use crate::service::dao::organization::OrganizationQuery;
  |     ^^^^^^^^^^^^^^^^^^^^^^^^^^^^^^^^^^^^^^^^^^^^^^^^^^^^

warning: unused import: `common::enums::OrganizationStatus`
  --> src/service/domain/organization/org.rs:11:5
   |
11 | use common::enums::OrganizationStatus;
   |     ^^^^^^^^^^^^^^^^^^^^^^^^^^^^^^^^^

warning: unused import: `err`
 --> src/service/domain/organization/user.rs:5:21
  |
5 | use common::error::{err, bail_err, Result};
  |                     ^^^

warning: unused import: `crate::service::dao::user::UserQuery`
 --> src/service/domain/organization/user.rs:8:5
  |
8 | use crate::service::dao::user::UserQuery;
  |     ^^^^^^^^^^^^^^^^^^^^^^^^^^^^^^^^^^^^

warning: unused import: `common::enums::UserStatus`
  --> src/service/domain/organization/user.rs:10:5
   |
10 | use common::enums::UserStatus;
   |     ^^^^^^^^^^^^^^^^^^^^^^^^^

warning: unused import: `err`
  --> src/service/domain/project/project.rs:12:29
   |
12 | use common::error::{Result, err, bail_err};
   |                             ^^^

warning: unused import: `err`
 --> src/service/domain/project/task.rs:5:21
  |
5 | use common::error::{err, Result, bail_err};
  |                     ^^^

warning: unused import: `bail_err`
 --> src/service/domain/runtime/awakening.rs:3:26
  |
3 | use common::error::{err, bail_err, Result};
  |                          ^^^^^^^^

warning: unused import: `MemoryPo`
 --> src/service/domain/runtime/context_assembly.rs:8:37
  |
8 | use crate::models::memory::{Memory, MemoryPo};
  |                                     ^^^^^^^^

warning: unused import: `Error`
 --> src/service/domain/runtime/memory.rs:3:21
  |
3 | use common::error::{Error, Result, err};
  |                     ^^^^^

warning: unused import: `Error`
 --> src/service/domain/runtime/tool_call_query.rs:3:21
  |
3 | use common::error::{Error, Result};
  |                     ^^^^^

warning: unused import: `err`
 --> src/service/domain/runtime/tool_execution.rs:3:21
  |
3 | use common::error::{err, bail_err, Error, Result};
  |                     ^^^

warning: unused import: `rig::tool::ToolError`
  --> src/service/domain/runtime/tool_execution.rs:10:5
   |
10 | use rig::tool::ToolError;
   |     ^^^^^^^^^^^^^^^^^^^^

warning: use of deprecated method `chrono::DateTime::<Tz>::timestamp_nanos`: use `timestamp_nanos_opt()` instead
  --> src/models/memory.rs:86:32
   |
86 |             chrono::Utc::now().timestamp_nanos()
   |                                ^^^^^^^^^^^^^^^
   |
   = note: `#[warn(deprecated)]` on by default

warning: unused import: `Error`
   --> src/pkg/tool_registry/http_tests.rs:126:25
    |
126 |     use common::error::{Error, Result};
    |                         ^^^^^

warning: unused import: `anyhow::anyhow`
   --> src/pkg/tool_registry/http_tests.rs:127:9
    |
127 |     use anyhow::anyhow;
    |         ^^^^^^^^^^^^^^

warning: unused import: `rig::tool::ToolError`
   --> src/pkg/tool_registry/http_tests.rs:129:9
    |
129 |     use rig::tool::ToolError;
    |         ^^^^^^^^^^^^^^^^^^^^

warning: unused import: `common::error::Result`
 --> src/pkg/daily_jsonl_test.rs:6:5
  |
6 | use common::error::Result;
  |     ^^^^^^^^^^^^^^^^^^^^^

warning: unused import: `common::error::Result`
   --> src/consumer/tests.rs:173:5
    |
173 | use common::error::Result;
    |     ^^^^^^^^^^^^^^^^^^^^^

warning: unused import: `rig::tool::ToolError`
  --> src/consumer/message_tests.rs:23:5
   |
23 | use rig::tool::ToolError;
   |     ^^^^^^^^^^^^^^^^^^^^

warning: unused import: `common::bail_err`
   --> src/consumer/message_tests.rs:739:5
    |
739 | use common::bail_err;
    |     ^^^^^^^^^^^^^^^^

warning: unused import: `common::error::Result`
 --> src/handlers/finance/tool/update_tool_test.rs:6:5
  |
6 | use common::error::Result;
  |     ^^^^^^^^^^^^^^^^^^^^^

warning: unused import: `REDACTED_CONFIG_VALUE`
 --> src/models/mcp_server_test.rs:1:30
  |
1 | use super::{McpServerConfig, REDACTED_CONFIG_VALUE};
  |                              ^^^^^^^^^^^^^^^^^^^^^

warning: unused import: `uuid::Uuid`
 --> src/service/dal/agent_test.rs:9:5
  |
9 | use uuid::Uuid;
  |     ^^^^^^^^^^

warning: unused import: `brain::*`
 --> src/service/dal/brain_test.rs:4:21
  |
4 | use crate::models::{brain::*, memory::*, model_provider::*, tool::Tool};
  |                     ^^^^^^^^

warning: unused import: `Error`
 --> src/service/dal/mcp_server_test.rs:6:21
  |
6 | use common::error::{Error, Result};
  |                     ^^^^^

warning: unused import: `crate::pkg::tool_tracing::entry::ToolCallStatus`
 --> src/service/dal/mcp_tool_test.rs:9:5
  |
9 | use crate::pkg::tool_tracing::entry::ToolCallStatus;
  |     ^^^^^^^^^^^^^^^^^^^^^^^^^^^^^^^^^^^^^^^^^^^^^^^

warning: unused import: `common::error::Error`
 --> src/service/dal/memory_test.rs:3:5
  |
3 | use common::error::Error;
  |     ^^^^^^^^^^^^^^^^^^^^

warning: unused import: `KnowledgeReferencePo`
 --> src/service/dal/memory_test.rs:6:30
  |
6 |     KnowledgeNodeRelationPo, KnowledgeReferencePo, LongTermKnowledgeNodePo, Memory,
  |                              ^^^^^^^^^^^^^^^^^^^^

warning: unused import: `crate::models::vector::VectorIndexParams`
  --> src/service/dal/memory_test.rs:10:5
   |
10 | use crate::models::vector::VectorIndexParams;
   |     ^^^^^^^^^^^^^^^^^^^^^^^^^^^^^^^^^^^^^^^^

warning: unused import: `ModelProviderPo`
 --> src/service/dal/model_provider_test.rs:3:52
  |
3 | use crate::models::model_provider::{ModelProvider, ModelProviderPo};
  |                                                    ^^^^^^^^^^^^^^^

warning: unused import: `ModelProviderStatus`
 --> src/service/dal/model_provider_test.rs:6:38
  |
6 | use common::enums::{ModelCapability, ModelProviderStatus, ProviderType};
  |                                      ^^^^^^^^^^^^^^^^^^^

warning: unused import: `uuid::Uuid`
 --> src/service/dal/model_provider_test.rs:9:5
  |
9 | use uuid::Uuid;
  |     ^^^^^^^^^^

warning: unused import: `Error`
 --> src/service/dal/skill_test.rs:3:21
  |
3 | use common::error::{Error, Result};
  |                     ^^^^^

warning: unused import: `SkillFile`
 --> src/service/dal/skill_test.rs:6:35
  |
6 | use crate::models::skill::{Skill, SkillFile, SkillPo};
  |                                   ^^^^^^^^^

warning: unused import: `SkillDalImpl`
 --> src/service/dal/skill_test.rs:8:44
  |
8 | use crate::service::dal::skill::{SkillDal, SkillDalImpl, new};
  |                                            ^^^^^^^^^^^^

warning: unused import: `dyn_clone::DynClone`
  --> src/service/dal/skill_test.rs:16:5
   |
16 | use dyn_clone::DynClone;
   |     ^^^^^^^^^^^^^^^^^^^

warning: unused import: `Tool`
 --> src/service/dal/tool_test.rs:4:37
  |
4 | use crate::models::tool::{CoreTool, Tool, ToolPo};
  |                                     ^^^^

warning: unused import: `self`
 --> src/service/dal/tool_test.rs:6:33
  |
6 | use crate::pkg::tool_registry::{self, BuiltinToolFactory, get_registry};
  |                                 ^^^^

warning: unused import: `rig::tool::ToolError`
  --> src/service/dal/tool_test.rs:11:5
   |
11 | use rig::tool::ToolError;
   |     ^^^^^^^^^^^^^^^^^^^^

warning: unused import: `TaskStatus`
 --> src/service/dao/artifact/sqlite_test.rs:5:31
  |
5 | use common::enums::{FileType, TaskStatus};
  |                               ^^^^^^^^^^

warning: unused imports: `ModelProvider` and `tool::Tool`
 --> src/service/dao/cortex/rig_test.rs:5:22
  |
5 |     model_provider::{ModelProvider, ModelProviderPo},
  |                      ^^^^^^^^^^^^^
6 |     tool::Tool,
  |     ^^^^^^^^^^

warning: unused import: `crate::service::dao::memory::MemorySearch`
   --> src/service/dao/memory/sqlite_test.rs:588:9
    |
588 |     use crate::service::dao::memory::MemorySearch;
    |         ^^^^^^^^^^^^^^^^^^^^^^^^^^^^^^^^^^^^^^^^^

warning: unused import: `common::error::Error`
 --> src/service/dao/memory/vector_test.rs:4:5
  |
4 | use common::error::Error;
  |     ^^^^^^^^^^^^^^^^^^^^

warning: unused import: `uuid::Uuid`
  --> src/service/dao/model_provider/sqlite_test.rs:11:5
   |
11 | use uuid::Uuid;
   |     ^^^^^^^^^^

warning: unused import: `common::enums::ModelProviderStatus`
  --> src/service/dao/model_provider/sqlite_test.rs:95:9
   |
95 |     use common::enums::ModelProviderStatus;
   |         ^^^^^^^^^^^^^^^^^^^^^^^^^^^^^^^^^^

warning: unused import: `OrganizationScope`
 --> src/service/dao/organization/sqlite_test.rs:6:21
  |
6 | use common::enums::{OrganizationScope, OrganizationStatus};
  |                     ^^^^^^^^^^^^^^^^^

warning: unused import: `common::error::Error`
 --> src/service/dao/project/sqlite_test.rs:3:5
  |
3 | use common::error::Error;
  |     ^^^^^^^^^^^^^^^^^^^^

warning: unused import: `common::error::Error`
 --> src/service/dao/skill/sqlite_test.rs:3:5
  |
3 | use common::error::Error;
  |     ^^^^^^^^^^^^^^^^^^^^

warning: unused import: `common::error::Error`
 --> src/service/dao/skill/vector_test.rs:4:5
  |
4 | use common::error::Error;
  |     ^^^^^^^^^^^^^^^^^^^^

warning: unused import: `self`
 --> src/service/dao/task/sqlite_test.rs:5:33
  |
5 | use crate::service::dao::task::{self, TaskDao};
  |                                 ^^^^

warning: unused import: `Tool`
 --> src/service/dao/tool/sqlite_test.rs:3:27
  |
3 | use crate::models::tool::{Tool, ToolPo};
  |                           ^^^^

warning: unused import: `self`
 --> src/service/dao/user/sqlite_test.rs:5:33
  |
5 | use crate::service::dao::user::{self, UserDao};
  |                                 ^^^^

warning: unused import: `Error`
 --> src/service/domain/finance/attachment_test.rs:5:21
  |
5 | use common::error::{Error, Result};
  |                     ^^^^^

warning: unused import: `sqlx::SqlitePool`
 --> src/service/domain/finance/message_channel_test.rs:5:5
  |
5 | use sqlx::SqlitePool;
  |     ^^^^^^^^^^^^^^^^

warning: unused import: `uuid::Uuid`
 --> src/service/domain/hr/agent_test.rs:8:5
  |
8 | use uuid::Uuid;
  |     ^^^^^^^^^^

warning: unused import: `super::domain`
 --> src/service/domain/message/delivery_test.rs:3:5
  |
3 | use super::domain;
  |     ^^^^^^^^^^^^^

warning: unused import: `ChannelStatus`
   --> src/service/domain/message/delivery_test.rs:668:42
    |
668 |     use common::enums::message_channel::{ChannelStatus, ChannelType};
    |                                          ^^^^^^^^^^^^^

warning: unused import: `common::enums::FileType`
   --> src/service/domain/message/delivery_test.rs:697:9
    |
697 |     use common::enums::FileType;
    |         ^^^^^^^^^^^^^^^^^^^^^^^

warning: unused import: `MessageType`
 --> src/service/domain/message/management_test.rs:7:49
  |
7 | use common::enums::{MessageRole, MessageStatus, MessageType};
  |                                                 ^^^^^^^^^^^

warning: unused import: `common::error::Error`
 --> src/service/domain/runtime/tool_execution_test.rs:5:13
  |
5 |         use common::error::Error;
  |             ^^^^^^^^^^^^^^^^^^^^

warning: unnecessary parentheses around type
   --> src/service/domain/runtime/tool_execution_test.rs:245:25
    |
245 |             ) -> Result<(Value)> {
    |                         ^     ^
    |
    = note: `#[warn(unused_parens)]` (part of `#[warn(unused)]`) on by default
help: remove these parentheses
    |
245 -             ) -> Result<(Value)> {
245 +             ) -> Result<Value> {
    |

warning: unused import: `crate::service::dal::agent::AgentDal`
 --> src/service/domain/hr/agent.rs:5:5
  |
5 | use crate::service::dal::agent::AgentDal;
  |     ^^^^^^^^^^^^^^^^^^^^^^^^^^^^^^^^^^^^

warning: unused import: `futures_util::FutureExt`
 --> src/models/tool.rs:9:5
  |
9 | use futures_util::FutureExt;
  |     ^^^^^^^^^^^^^^^^^^^^^^^

warning: unused import: `CortexTrait`
 --> src/service/dal/brain.rs:8:43
  |
8 | use crate::models::brain::{Brain, Cortex, CortexTrait};
  |                                           ^^^^^^^^^^^

warning: unused import: `crate::models::event::Event`
 --> src/service/dal/message.rs:7:5
  |
7 | use crate::models::event::Event;
  |     ^^^^^^^^^^^^^^^^^^^^^^^^^^^

warning: unused import: `CoreTool`
 --> src/service/dal/tool.rs:7:27
  |
7 | use crate::models::tool::{CoreTool, Tool, ToolPo};
  |                           ^^^^^^^^

warning: variable does not need to be mutable
   --> src/service/dal/project_test.rs:216:13
    |
216 |         let mut project = create_test_project(&format!("Archived Project {}", i), &root_user_id);
    |             ----^^^^^^^
    |             |
    |             help: remove this `mut`
    |
    = note: `#[warn(unused_mut)]` (part of `#[warn(unused)]`) on by default

warning: variable does not need to be mutable
   --> src/service/dal/skill_test.rs:315:9
    |
315 |     let mut po = create_test_skill_po("test-skill");
    |         ----^^
    |         |
    |         help: remove this `mut`

warning: variable does not need to be mutable
   --> src/service/dal/tool_test.rs:356:9
    |
356 |     let mut po = ToolPo::new(
    |         ----^^
    |         |
    |         help: remove this `mut`

warning: variable does not need to be mutable
   --> src/service/dal/tool_test.rs:399:9
    |
399 |     let mut po = TestToolFactory {}.create_po();
    |         ----^^
    |         |
    |         help: remove this `mut`

warning: variable does not need to be mutable
   --> src/service/dao/memory/vector_test.rs:250:9
    |
250 |     let mut short_params = create_test_vector_params(common_id, 3);
    |         ----^^^^^^^^^^^^
    |         |
    |         help: remove this `mut`

warning: variable does not need to be mutable
   --> src/service/dao/memory/vector_test.rs:256:9
    |
256 |     let mut knowledge_params = create_test_vector_params(common_id, 3);
    |         ----^^^^^^^^^^^^^^^^
    |         |
    |         help: remove this `mut`

warning: variable does not need to be mutable
   --> src/service/dao/task/sqlite_test.rs:105:9
    |
105 |     let mut task = TaskPo::new(
    |         ----^^^^
    |         |
    |         help: remove this `mut`

warning: variable does not need to be mutable
   --> src/service/dao/tool/sqlite_test.rs:236:9
    |
236 |     let mut enabled = ToolPo::new(
    |         ----^^^^^^^
    |         |
    |         help: remove this `mut`

warning: variable does not need to be mutable
   --> src/service/dao/tool/sqlite_test.rs:304:9
    |
304 |     let mut tool = ToolPo::new(
    |         ----^^^^
    |         |
    |         help: remove this `mut`

warning: variable does not need to be mutable
   --> src/service/dao/tool/sqlite_test.rs:347:9
    |
347 |     let mut tool = ToolPo::new(
    |         ----^^^^
    |         |
    |         help: remove this `mut`

warning: variable does not need to be mutable
   --> src/service/dao/tool/sqlite_test.rs:379:9
    |
379 |     let mut tool = ToolPo::new(
    |         ----^^^^
    |         |
    |         help: remove this `mut`

warning: use of deprecated associated function `models::message::Message::new`: Use new_with_context instead to support project context
   --> src/service/domain/message/delivery_test.rs:698:28
    |
698 |     let message = Message::new(
    |                            ^^^
    |
    = note: `#[warn(deprecated)]` on by default

warning: variable does not need to be mutable
   --> src/pkg/tool_registry/handler_adapter/mod.rs:182:26
    |
182 |     async fn call(&self, mut ctx: RequestContext, args: Value) -> Result<Value> {
    |                          ----^^^
    |                          |
    |                          help: remove this `mut`
    |
    = note: `#[warn(unused_mut)]` (part of `#[warn(unused)]`) on by default

warning: unused variable: `capabilities`
  --> src/handlers/hr/agent/update_agent_status.rs:32:9
   |
32 |     let capabilities: Vec<String> = agent.po.get_capabilities();
   |         ^^^^^^^^^^^^ help: if this is intentional, prefix it with an underscore: `_capabilities`
   |
   = note: `#[warn(unused_variables)]` (part of `#[warn(unused)]`) on by default

warning: unused variable: `role_name`
  --> src/handlers/organization/user/update_user.rs:67:9
   |
67 |     let role_name = user.user_role().display_name().to_string();
   |         ^^^^^^^^^ help: if this is intentional, prefix it with an underscore: `_role_name`

warning: use of deprecated method `chrono::DateTime::<Tz>::timestamp_nanos`: use `timestamp_nanos_opt()` instead
  --> src/models/memory.rs:86:32
   |
86 |             chrono::Utc::now().timestamp_nanos()
   |                                ^^^^^^^^^^^^^^^

warning: unreachable pattern
   --> src/models/message.rs:242:13
    |
242 |             _ => "未知",
    |             ^ no value can reach this
    |
note: multiple earlier patterns match some of the same values
   --> src/models/message.rs:242:13
    |
239 |             MessageRole::User => "用户",
    |             ----------------- matches some of the same values
240 |             MessageRole::Agent => "Agent",
    |             ------------------ matches some of the same values
241 |             MessageRole::System => "系统",
    |             ------------------- matches some of the same values
242 |             _ => "未知",
    |             ^ collectively making this unreachable
    = note: `#[warn(unreachable_patterns)]` (part of `#[warn(unused)]`) on by default

warning: unreachable pattern
  --> src/models/user.rs:50:13
   |
50 |             _ => "未知",
   |             ^ no value can reach this
   |
note: multiple earlier patterns match some of the same values
  --> src/models/user.rs:50:13
   |
47 |             UserRole::SuperAdmin => "超级管理员",
   |             -------------------- matches some of the same values
48 |             UserRole::Admin => "管理员",
   |             --------------- matches some of the same values
49 |             UserRole::Member => "成员",
   |             ---------------- matches some of the same values
50 |             _ => "未知",
   |             ^ collectively making this unreachable

warning: variable does not need to be mutable
  --> src/models/user.rs:53:13
   |
53 |         let mut parts = vec![
   |             ----^^^^^
   |             |
   |             help: remove this `mut`

warning: unused import: `UserDao`
 --> src/service/dao/user/sqlite_test.rs:5:39
  |
5 | use crate::service::dao::user::{self, UserDao};
  |                                       ^^^^^^^

warning: unused import: `McpToolCallDao`
 --> src/service/dao/tool_call/mcp_test.rs:8:44
  |
8 | use crate::service::dao::tool_call::{self, McpToolCallDao, ToolCallDao};
  |                                            ^^^^^^^^^^^^^^

warning: unused import: `ToolCallDao`
 --> src/service/dao/tool_call/mcp_test.rs:8:60
  |
8 | use crate::service::dao::tool_call::{self, McpToolCallDao, ToolCallDao};
  |                                                            ^^^^^^^^^^^

warning: variable does not need to be mutable
   --> src/service/dal/tool.rs:290:9
    |
290 |         mut ctx: RequestContext,
    |         ----^^^
    |         |
    |         help: remove this `mut`

warning: variable does not need to be mutable
  --> src/service/dao/cortex/rig.rs:35:9
   |
35 |         mut ctx: RequestContext,
   |         ----^^^
   |         |
   |         help: remove this `mut`

warning: unused variable: `queues`
   --> src/service/dao/event_queue/in_memory.rs:153:13
    |
153 |         let queues = unsafe { &mut *self.queues.get() };
    |             ^^^^^^ help: if this is intentional, prefix it with an underscore: `_queues`

warning: unused variable: `has_active_message`
   --> src/service/dao/event_queue/in_memory.rs:156:13
    |
156 |         let has_active_message = unsafe { &mut *self.has_active_message.get() };
    |             ^^^^^^^^^^^^^^^^^^ help: if this is intentional, prefix it with an underscore: `_has_active_message`

warning: variable does not need to be mutable
   --> src/pkg/tool_registry/handler_adapter/mod.rs:182:26
    |
182 |     async fn call(&self, mut ctx: RequestContext, args: Value) -> Result<Value> {
    |                          ----^^^
    |                          |
    |                          help: remove this `mut`

warning: unused variable: `content`
   --> src/service/domain/project/artifact.rs:214:13
    |
214 |         let content = self.artifact_dal.read_content(ctx, &artifact).await?;
    |             ^^^^^^^ help: if this is intentional, prefix it with an underscore: `_content`

warning: unused variable: `task_id`
  --> src/service/domain/runtime/memory.rs:15:9
   |
15 |         task_id: Option<&str>,
   |         ^^^^^^^ help: if this is intentional, prefix it with an underscore: `_task_id`

warning: field `parameters_schema` is never read
   --> src/pkg/tool_registry/handler_adapter/mod.rs:160:5
    |
155 | pub struct HandlerToolAdapter<Params>
    |            ------------------ field in this struct
...
160 |     parameters_schema: Value,
    |     ^^^^^^^^^^^^^^^^^
    |
    = note: `HandlerToolAdapter` has a derived impl for the trait `Clone`, but this is intentionally ignored during dead code analysis
    = note: `#[warn(dead_code)]` (part of `#[warn(unused)]`) on by default

warning: associated function `new` is never used
  --> src/service/dal/agent.rs:77:8
   |
75 | impl AgentDalImpl {
   | ----------------- associated function in this implementation
76 |     /// 创建 DAL 实例
77 |     fn new(agent_dao: Arc<dyn AgentDao>) -> Self {
   |        ^^^

warning: associated function `new` is never used
  --> src/service/dal/brain.rs:97:8
   |
95 | impl BrainDalImpl {
   | ----------------- associated function in this implementation
96 |     /// 创建 DAL 实例
97 |     fn new(
   |        ^^^

warning: function `try_build_vector_params_for_entity` is never used
   --> src/service/dal/memory.rs:792:10
    |
792 | async fn try_build_vector_params_for_entity(
    |          ^^^^^^^^^^^^^^^^^^^^^^^^^^^^^^^^^^

warning: associated function `new` is never used
   --> src/service/dal/message.rs:157:8
    |
155 | impl MessageDalImpl {
    | ------------------- associated function in this implementation
156 |     /// 创建 DAL 实例
157 |     fn new(
    |        ^^^

warning: associated function `new` is never used
  --> src/service/dal/model_provider.rs:70:8
   |
68 | impl ModelProviderDalImpl {
   | ------------------------- associated function in this implementation
69 |     /// 创建 DAL 实例
70 |     fn new(model_provider_dao: Arc<dyn ModelProviderDao>) -> Self {
   |        ^^^

warning: function `current_timestamp` is never used
   --> src/service/dao/model_provider/sqlite.rs:223:4
    |
223 | fn current_timestamp() -> i64 {
    |    ^^^^^^^^^^^^^^^^^

warning: function `current_timestamp` is never used
   --> src/service/dao/organization/sqlite.rs:163:4
    |
163 | fn current_timestamp() -> i64 {
    |    ^^^^^^^^^^^^^^^^^

warning: unused variable: `request`
   --> src/service/dao/message/sqlite_test.rs:683:9
    |
683 |     let request = message_dao
    |         ^^^^^^^ help: if this is intentional, prefix it with an underscore: `_request`

warning: unused variable: `request`
   --> src/service/dao/message/sqlite_test.rs:745:9
    |
745 |     let request = message_dao
    |         ^^^^^^^ help: if this is intentional, prefix it with an underscore: `_request`

warning: unused variable: `pool`
   --> src/service/dao/skill/sqlite_test.rs:426:39
    |
426 | async fn test_read_write_main_content(pool: SqlitePool) -> Result<()> {
    |                                       ^^^^ help: if this is intentional, prefix it with an underscore: `_pool`

warning: unused variable: `pool`
   --> src/service/dao/skill/sqlite_test.rs:462:43
    |
462 | async fn test_read_write_attachment_files(pool: SqlitePool) -> Result<()> {
    |                                           ^^^^ help: if this is intentional, prefix it with an underscore: `_pool`

warning: unused variable: `pool`
   --> src/service/dao/skill/sqlite_test.rs:500:39
    |
500 | async fn test_list_files_with_content(pool: SqlitePool) -> Result<()> {
    |                                       ^^^^ help: if this is intentional, prefix it with an underscore: `_pool`

warning: unused variable: `pool`
   --> src/service/dao/skill/sqlite_test.rs:544:36
    |
544 | async fn test_list_files_empty_dir(pool: SqlitePool) -> Result<()> {
    |                                    ^^^^ help: if this is intentional, prefix it with an underscore: `_pool`

warning: unused variable: `pool`
   --> src/service/dao/skill/sqlite_test.rs:573:32
    |
573 | async fn test_delete_skill_dir(pool: SqlitePool) -> Result<()> {
    |                                ^^^^ help: if this is intentional, prefix it with an underscore: `_pool`

warning: field `content` is never read
  --> src/consumer/tests.rs:23:5
   |
21 | struct MockEvent {
   |        --------- field in this struct
22 |     id: String,
23 |     content: String,
   |     ^^^^^^^
   |
   = note: `MockEvent` has derived impls for the traits `Clone` and `Debug`, but these are intentionally ignored during dead code analysis

warning: function `create_test_channel` is never used
  --> src/service/dal/message_channel_test.rs:38:4
   |
38 | fn create_test_channel(
   |    ^^^^^^^^^^^^^^^^^^^

warning: function `create_test_message` is never used
  --> src/service/dao/message/sqlite_test.rs:28:4
   |
28 | fn create_test_message(task_id: &str, from_id: &str, content: &str) -> MessagePo {
   |    ^^^^^^^^^^^^^^^^^^^

warning: function `create_test_channel` is never used
  --> src/service/dao/message_channel/sqlite_test.rs:27:4
   |
27 | fn create_test_channel(org_id: &str, user_id: &str, name: &str) -> MessageChannelPo {
   |    ^^^^^^^^^^^^^^^^^^^

warning: function `create_test_project` is never used
  --> src/service/dao/project/sqlite_test.rs:24:4
   |
24 | fn create_test_project(name: &str, created_by: &str) -> ProjectPo {
   |    ^^^^^^^^^^^^^^^^^^^

warning: function `create_test_skill` is never used
  --> src/service/dao/skill/sqlite_test.rs:31:4
   |
31 | fn create_test_skill(name: &str, category: &str) -> SkillPo {
   |    ^^^^^^^^^^^^^^^^^

warning: function `create_test_task` is never used
  --> src/service/dao/task/sqlite_test.rs:24:4
   |
24 | fn create_test_task(title: &str, assignee_id: &str, created_by: &str) -> TaskPo {
   |    ^^^^^^^^^^^^^^^^

warning: function `new_ctx` is never used
  --> src/service/dao/tool/sqlite_test.rs:11:4
   |
11 | fn new_ctx(user_id: &str, pool: SqlitePool) -> RequestContext {
   |    ^^^^^^^

warning: function `create_test_tool` is never used
  --> src/service/dao/tool/sqlite_test.rs:22:4
   |
22 | fn create_test_tool(name: &str, description: &str) -> ToolPo {
   |    ^^^^^^^^^^^^^^^^

warning: comparison is useless due to type limits
   --> src/service/dao/tool/sqlite_test.rs:421:13
    |
421 |     assert!(inserted_count >= 0);
    |             ^^^^^^^^^^^^^^^^^^^
    |
    = note: `#[warn(unused_comparisons)]` on by default

warning: `ai_orz` (lib) generated 214 warnings (run `cargo fix --lib -p ai_orz` to apply 118 suggestions)
warning: unused import: `common::error::Result`
 --> src/main.rs:1:5
  |
1 | use common::error::Result;
  |     ^^^^^^^^^^^^^^^^^^^^^
  |
  = note: `#[warn(unused_imports)]` (part of `#[warn(unused)]`) on by default

warning: unused import: `create_message_channel::create_message_channel_handler`
  --> src/handlers/finance/message_channel/mod.rs:14:9
   |
14 | pub use create_message_channel::create_message_channel_handler;
   |         ^^^^^^^^^^^^^^^^^^^^^^^^^^^^^^^^^^^^^^^^^^^^^^^^^^^^^^

warning: unused import: `delete_message_channel::delete_message_channel_handler`
  --> src/handlers/finance/message_channel/mod.rs:15:9
   |
15 | pub use delete_message_channel::delete_message_channel_handler;
   |         ^^^^^^^^^^^^^^^^^^^^^^^^^^^^^^^^^^^^^^^^^^^^^^^^^^^^^^

warning: unused import: `get_message_channel::get_message_channel_handler`
  --> src/handlers/finance/message_channel/mod.rs:16:9
   |
16 | pub use get_message_channel::get_message_channel_handler;
   |         ^^^^^^^^^^^^^^^^^^^^^^^^^^^^^^^^^^^^^^^^^^^^^^^^

warning: unused import: `list_message_channels::list_message_channels_handler`
  --> src/handlers/finance/message_channel/mod.rs:17:9
   |
17 | pub use list_message_channels::list_message_channels_handler;
   |         ^^^^^^^^^^^^^^^^^^^^^^^^^^^^^^^^^^^^^^^^^^^^^^^^^^^^

warning: unused import: `test_message_channel_connection::test_message_channel_connection_handler`
  --> src/handlers/finance/message_channel/mod.rs:18:9
   |
18 | pub use test_message_channel_connection::test_message_channel_connection_handler;
   |         ^^^^^^^^^^^^^^^^^^^^^^^^^^^^^^^^^^^^^^^^^^^^^^^^^^^^^^^^^^^^^^^^^^^^^^^^

warning: unused import: `update_message_channel::update_message_channel_handler`
  --> src/handlers/finance/message_channel/mod.rs:19:9
   |
19 | pub use update_message_channel::update_message_channel_handler;
   |         ^^^^^^^^^^^^^^^^^^^^^^^^^^^^^^^^^^^^^^^^^^^^^^^^^^^^^^

warning: unused import: `update_message_channel_status::update_message_channel_status_handler`
  --> src/handlers/finance/message_channel/mod.rs:20:9
   |
20 | pub use update_message_channel_status::update_message_channel_status_handler;
   |         ^^^^^^^^^^^^^^^^^^^^^^^^^^^^^^^^^^^^^^^^^^^^^^^^^^^^^^^^^^^^^^^^^^^^

warning: unused import: `call_model::call_model_handler`
  --> src/handlers/finance/model_provider/mod.rs:12:9
   |
12 | pub use call_model::call_model_handler;
   |         ^^^^^^^^^^^^^^^^^^^^^^^^^^^^^^

warning: unused import: `create_model_provider::create_model_provider_handler`
  --> src/handlers/finance/model_provider/mod.rs:13:9
   |
13 | pub use create_model_provider::create_model_provider_handler;
   |         ^^^^^^^^^^^^^^^^^^^^^^^^^^^^^^^^^^^^^^^^^^^^^^^^^^^^

warning: unused import: `delete_model_provider::delete_model_provider_handler`
  --> src/handlers/finance/model_provider/mod.rs:14:9
   |
14 | pub use delete_model_provider::delete_model_provider_handler;
   |         ^^^^^^^^^^^^^^^^^^^^^^^^^^^^^^^^^^^^^^^^^^^^^^^^^^^^

warning: unused import: `get_model_provider::get_model_provider_handler`
  --> src/handlers/finance/model_provider/mod.rs:15:9
   |
15 | pub use get_model_provider::get_model_provider_handler;
   |         ^^^^^^^^^^^^^^^^^^^^^^^^^^^^^^^^^^^^^^^^^^^^^^

warning: unused import: `list_model_providers::list_model_providers_handler`
  --> src/handlers/finance/model_provider/mod.rs:16:9
   |
16 | pub use list_model_providers::list_model_providers_handler;
   |         ^^^^^^^^^^^^^^^^^^^^^^^^^^^^^^^^^^^^^^^^^^^^^^^^^^

warning: unused import: `test_connection::test_model_provider_connection_handler`
  --> src/handlers/finance/model_provider/mod.rs:17:9
   |
17 | pub use test_connection::test_model_provider_connection_handler;
   |         ^^^^^^^^^^^^^^^^^^^^^^^^^^^^^^^^^^^^^^^^^^^^^^^^^^^^^^^

warning: unused import: `update_model_provider::update_model_provider_handler`
  --> src/handlers/finance/model_provider/mod.rs:18:9
   |
18 | pub use update_model_provider::update_model_provider_handler;
   |         ^^^^^^^^^^^^^^^^^^^^^^^^^^^^^^^^^^^^^^^^^^^^^^^^^^^^

warning: unused import: `bind_tool_to_agent::bind_tool_to_agent_handler`
  --> src/handlers/finance/tool/mod.rs:24:9
   |
24 | pub use bind_tool_to_agent::bind_tool_to_agent_handler;
   |         ^^^^^^^^^^^^^^^^^^^^^^^^^^^^^^^^^^^^^^^^^^^^^^

warning: unused import: `create_tool::create_tool_handler`
  --> src/handlers/finance/tool/mod.rs:25:9
   |
25 | pub use create_tool::create_tool_handler;
   |         ^^^^^^^^^^^^^^^^^^^^^^^^^^^^^^^^

warning: unused import: `delete_tool::delete_tool_handler`
  --> src/handlers/finance/tool/mod.rs:26:9
   |
26 | pub use delete_tool::delete_tool_handler;
   |         ^^^^^^^^^^^^^^^^^^^^^^^^^^^^^^^^

warning: unused import: `get_tool::get_tool_handler`
  --> src/handlers/finance/tool/mod.rs:27:9
   |
27 | pub use get_tool::get_tool_handler;
   |         ^^^^^^^^^^^^^^^^^^^^^^^^^^

warning: unused import: `list_tools::list_tools_handler`
  --> src/handlers/finance/tool/mod.rs:29:9
   |
29 | pub use list_tools::list_tools_handler;
   |         ^^^^^^^^^^^^^^^^^^^^^^^^^^^^^^

warning: unused import: `unbind_tool_from_agent::unbind_tool_from_agent_handler`
  --> src/handlers/finance/tool/mod.rs:31:9
   |
31 | pub use unbind_tool_from_agent::unbind_tool_from_agent_handler;
   |         ^^^^^^^^^^^^^^^^^^^^^^^^^^^^^^^^^^^^^^^^^^^^^^^^^^^^^^

warning: unused import: `update_tool::update_tool_handler`
  --> src/handlers/finance/tool/mod.rs:32:9
   |
32 | pub use update_tool::update_tool_handler;
   |         ^^^^^^^^^^^^^^^^^^^^^^^^^^^^^^^^

warning: unused import: `update_tool_status::update_tool_status_handler`
  --> src/handlers/finance/tool/mod.rs:33:9
   |
33 | pub use update_tool_status::update_tool_status_handler;
   |         ^^^^^^^^^^^^^^^^^^^^^^^^^^^^^^^^^^^^^^^^^^^^^^

warning: unused import: `common::error::Result`
  --> src/pkg/logging.rs:20:5
   |
20 | use common::error::Result;
   |     ^^^^^^^^^^^^^^^^^^^^^

warning: unused import: `handler_adapter::register_handler_tool`
  --> src/pkg/tool_registry/mod.rs:15:9
   |
15 | pub use handler_adapter::register_handler_tool;
   |         ^^^^^^^^^^^^^^^^^^^^^^^^^^^^^^^^^^^^^^

warning: unused imports: `McpCoreTool` and `McpToolConfig`
  --> src/pkg/tool_registry/mod.rs:17:15
   |
17 | pub use mcp::{McpCoreTool, McpToolConfig};
   |               ^^^^^^^^^^^  ^^^^^^^^^^^^^

warning: unused import: `new`
  --> src/service/dao/agent/mod.rs:33:35
   |
33 | pub use self::sqlite::{dao, init, new};
   |                                   ^^^

warning: unused import: `new`
  --> src/service/dao/attachment/mod.rs:57:35
   |
57 | pub use self::sqlite::{dao, init, new, new_with_attachments_dir};
   |                                   ^^^

warning: unused import: `RigCortexDao`
  --> src/service/dao/cortex/mod.rs:60:21
   |
60 | pub use self::rig::{RigCortexDao, dao, init};
   |                     ^^^^^^^^^^^^

warning: unused import: `vector::*`
   --> src/service/dao/memory/mod.rs:464:9
    |
464 | pub use vector::*;
    |         ^^^^^^^^^

warning: unused import: `new`
  --> src/service/dao/organization/mod.rs:37:35
   |
37 | pub use self::sqlite::{dao, init, new};
   |                                   ^^^

warning: unused import: `new`
  --> src/service/dao/project/mod.rs:74:35
   |
74 | pub use self::sqlite::{dao, init, new};
   |                                   ^^^

warning: unused imports: `get_dao` and `new`
  --> src/service/dao/task/mod.rs:71:29
   |
71 | pub use self::sqlite::{dao, get_dao, init, new};
   |                             ^^^^^^^        ^^^

warning: unused imports: `dao as base_dao` and `init as init_base`
   --> src/service/dao/tool/mod.rs:141:18
    |
141 | pub use sqlite::{dao as base_dao, init as init_base, new as new_tool_dao};
    |                  ^^^^^^^^^^^^^^^  ^^^^^^^^^^^^^^^^^

warning: unused imports: `init as init_vector` and `new as new_tool_vector_dao`
   --> src/service/dao/tool/mod.rs:142:37
    |
142 | pub use vector::{dao as vector_dao, init as init_vector, new as new_tool_vector_dao};
    |                                     ^^^^^^^^^^^^^^^^^^^  ^^^^^^^^^^^^^^^^^^^^^^^^^^

warning: unused import: `new`
  --> src/service/dao/user/mod.rs:64:35
   |
64 | pub use self::sqlite::{dao, init, new};
   |                                   ^^^

warning: unused import: `new`
  --> src/service/dao/email/mod.rs:48:33
   |
48 | pub use self::smtp::{dao, init, new};
   |                                 ^^^

warning: unused import: `new`
  --> src/service/dao/lark/mod.rs:48:33
   |
48 | pub use self::http::{dao, init, new};
   |                                 ^^^

warning: unused import: `new`
  --> src/service/dao/slack/mod.rs:48:33
   |
48 | pub use self::http::{dao, init, new};
   |                                 ^^^

warning: unused import: `new`
  --> src/service/dao/webhook/mod.rs:48:33
   |
48 | pub use self::http::{dao, init, new};
   |                                 ^^^

warning: unused import: `new`
  --> src/service/dao/wechat/mod.rs:48:33
   |
48 | pub use self::http::{dao, init, new};
   |                                 ^^^

warning: unused imports: `PromptBuilder` and `build_conversation_prompt`
   --> src/service/domain/runtime/mod.rs:156:28
    |
156 | pub use context_assembly::{PromptBuilder, build_conversation_prompt};
    |                            ^^^^^^^^^^^^^  ^^^^^^^^^^^^^^^^^^^^^^^^^

warning: `ai_orz` (lib test) generated 294 warnings (212 duplicates) (run `cargo fix --lib -p ai_orz --tests` to apply 67 suggestions)
warning: function `new_for_test` is never used
   --> src/consumer/message.rs:268:8
    |
268 | pub fn new_for_test<F, H>(
    |        ^^^^^^^^^^^^
    |
    = note: `#[warn(dead_code)]` (part of `#[warn(unused)]`) on by default

warning: associated function `from_json` is never used
  --> src/models/agent.rs:51:12
   |
49 | impl AgentRuntimeConfig {
   | ----------------------- associated function in this implementation
50 |     /// 从 JSON 字符串解析
51 |     pub fn from_json(json: &str) -> Self {
   |            ^^^^^^^^^

warning: field `brain` is never read
  --> src/models/agent.rs:85:9
   |
79 | pub struct Agent {
   |            ----- field in this struct
...
85 |     pub brain: Option<Brain>,
   |         ^^^^^
   |
   = note: `Agent` has a derived impl for the trait `Clone`, but this is intentionally ignored during dead code analysis

warning: multiple methods are never used
   --> src/models/agent.rs:126:12
    |
106 | impl Agent {
    | ---------- methods in this implementation
...
126 |     pub fn into_po(self) -> AgentPo {
    |            ^^^^^^^
...
141 |     pub fn model_provider_id(&self) -> &str {
    |            ^^^^^^^^^^^^^^^^^
...
146 |     pub fn set_brain(&mut self, brain: Brain) {
    |            ^^^^^^^^^
...
151 |     pub fn brain(&self) -> Option<&Brain> {
    |            ^^^^^
...
156 |     pub fn cortex(&self) -> Option<&Cortex> {
    |            ^^^^^^
...
161 |     pub fn cortex_trait(&self) -> Option<&(dyn CortexTrait + Send + Sync)> {
    |            ^^^^^^^^^^^^
...
178 |     pub fn set_tools(&mut self, tools: Vec<Tool>) {
    |            ^^^^^^^^^

warning: methods `get_runtime_config` and `set_runtime_config` are never used
   --> src/models/agent.rs:269:12
    |
210 | impl AgentPo {
    | ------------ methods in this implementation
...
269 |     pub fn get_runtime_config(&self) -> AgentRuntimeConfig {
    |            ^^^^^^^^^^^^^^^^^^
...
274 |     pub fn set_runtime_config(&mut self, config: &AgentRuntimeConfig) {
    |            ^^^^^^^^^^^^^^^^^^

warning: methods `into_po`, `project_id`, `task_id`, `is_project_level`, and `is_deleted` are never used
   --> src/models/artifact.rs:158:12
    |
 59 | impl Artifact {
    | ------------- methods in this implementation
...
158 |     pub fn into_po(self) -> ArtifactPo {
    |            ^^^^^^^
...
168 |     pub fn project_id(&self) -> &str {
    |            ^^^^^^^^^^
...
173 |     pub fn task_id(&self) -> Option<&str> {
    |            ^^^^^^^
...
178 |     pub fn is_project_level(&self) -> bool {
    |            ^^^^^^^^^^^^^^^^
...
183 |     pub fn is_deleted(&self) -> bool {
    |            ^^^^^^^^^^

warning: method `mark_deleted` is never used
   --> src/models/artifact.rs:296:12
    |
193 | impl ArtifactPo {
    | --------------- method in this implementation
...
296 |     pub fn mark_deleted(&mut self, modified_by: String) {
    |            ^^^^^^^^^^^^

warning: method `root_user_id` is never used
   --> src/models/attachment.rs:140:12
    |
119 | impl Attachment {
    | --------------- method in this implementation
...
140 |     pub fn root_user_id(&self) -> &str {
    |            ^^^^^^^^^^^^

warning: field `memories` is never read
  --> src/models/brain.rs:74:9
   |
70 | pub struct Brain {
   |            ----- field in this struct
...
74 |     pub memories: Vec<crate::models::memory::Memory>,
   |         ^^^^^^^^
   |
   = note: `Brain` has a derived impl for the trait `Clone`, but this is intentionally ignored during dead code analysis

warning: method `cortex` is never used
  --> src/models/brain.rs:84:12
   |
77 | impl Brain {
   | ---------- method in this implementation
...
84 |     pub fn cortex(&self) -> &Cortex {
   |            ^^^^^^

warning: methods `complete` and `with_metadata` are never used
   --> src/models/memory.rs:106:12
    |
 69 | impl MemoryTrace {
    | ---------------- methods in this implementation
...
106 |     pub fn complete(&mut self, output: String) {
    |            ^^^^^^^^
...
112 |     pub fn with_metadata(mut self, key: String, value: String) -> Self {
    |            ^^^^^^^^^^^^^

warning: method `to_prompt_summary` is never used
   --> src/models/memory.rs:267:12
    |
262 | impl MemoryPo {
    | ------------- method in this implementation
...
267 |     pub fn to_prompt_summary(&self) -> Option<String> {
    |            ^^^^^^^^^^^^^^^^^

warning: methods `to_prompt_summary` and `with_search_match` are never used
   --> src/models/memory.rs:328:12
    |
316 | impl Memory {
    | ----------- methods in this implementation
...
328 |     pub fn to_prompt_summary(&self) -> Option<String> {
    |            ^^^^^^^^^^^^^^^^^
...
333 |     pub fn with_search_match(mut self, search_match: SearchMatchInfo) -> Self {
    |            ^^^^^^^^^^^^^^^^^

warning: methods `into_po` and `to_prompt` are never used
  --> src/models/message.rs:34:12
   |
27 | impl Message {
   | ------------ methods in this implementation
...
34 |     pub fn into_po(self) -> MessagePo {
   |            ^^^^^^^
...
69 |     pub fn to_prompt(&self) -> String {
   |            ^^^^^^^^^

warning: method `to_prompt` is never used
   --> src/models/message.rs:237:12
    |
232 | impl MessagePo {
    | -------------- method in this implementation
...
237 |     pub fn to_prompt(&self) -> String {
    |            ^^^^^^^^^

warning: methods `into_po`, `agent_id`, `is_enabled`, and `config` are never used
   --> src/models/message_channel.rs:32:12
    |
 25 | impl MessageChannel {
    | ------------------- methods in this implementation
...
 32 |     pub fn into_po(self) -> MessageChannelPo {
    |            ^^^^^^^
...
 47 |     pub fn agent_id(&self) -> Option<&str> {
    |            ^^^^^^^^
...
 62 |     pub fn is_enabled(&self) -> bool {
    |            ^^^^^^^^^^
...
107 |     pub fn config(&self) -> &ChannelConfig {
    |            ^^^^^^

warning: struct `ModelProviderConfig` is never constructed
  --> src/models/model_provider.rs:10:12
   |
10 | pub struct ModelProviderConfig {
   |            ^^^^^^^^^^^^^^^^^^^

warning: methods `id`, `name`, `model_name`, `capability`, and `api_key` are never used
   --> src/models/model_provider.rs:100:12
    |
 68 | impl ModelProvider {
    | ------------------ methods in this implementation
...
100 |     pub fn id(&self) -> &str {
    |            ^^
...
105 |     pub fn name(&self) -> &str {
    |            ^^^^
...
110 |     pub fn model_name(&self) -> &str {
    |            ^^^^^^^^^^
...
115 |     pub fn capability(&self) -> ModelCapability {
    |            ^^^^^^^^^^
...
120 |     pub fn api_key(&self) -> &str {
    |            ^^^^^^^

warning: methods `config`, `set_config`, and `update_config` are never used
   --> src/models/model_provider.rs:165:12
    |
131 | impl ModelProviderPo {
    | -------------------- methods in this implementation
...
165 |     pub fn config(&self) -> ModelProviderConfig {
    |            ^^^^^^
...
170 |     pub fn set_config(&mut self, config: &ModelProviderConfig) {
    |            ^^^^^^^^^^
...
175 |     pub fn update_config<F>(&mut self, f: F)
    |            ^^^^^^^^^^^^^

warning: multiple methods are never used
   --> src/models/project.rs:103:12
    |
 61 | impl Project {
    | ------------ methods in this implementation
...
103 |     pub fn into_po(self) -> ProjectPo {
    |            ^^^^^^^
...
108 |     pub fn id(&self) -> &str {
    |            ^^
...
113 |     pub fn name(&self) -> &str {
    |            ^^^^
...
118 |     pub fn status(&self) -> ProjectStatus {
    |            ^^^^^^
...
123 |     pub fn priority(&self) -> i32 {
    |            ^^^^^^^^
...
128 |     pub fn is_completed(&self) -> bool {
    |            ^^^^^^^^^^^^
...
133 |     pub fn is_archived(&self) -> bool {
    |            ^^^^^^^^^^^

warning: associated items `from` and `file_content` are never used
   --> src/models/skill.rs:157:12
    |
146 | impl Skill {
    | ---------- associated items in this implementation
...
157 |     pub fn from(po: SkillPo) -> Self {
    |            ^^^^
...
180 |     pub fn file_content(&self, filename: &str) -> Option<&str> {
    |            ^^^^^^^^^^^^

warning: multiple methods are never used
   --> src/models/task.rs:109:12
    |
 65 | impl Task {
    | --------- methods in this implementation
...
109 |     pub fn into_po(self) -> TaskPo {
    |            ^^^^^^^
...
114 |     pub fn id(&self) -> &str {
    |            ^^
...
119 |     pub fn title(&self) -> &str {
    |            ^^^^^
...
124 |     pub fn status(&self) -> TaskStatus {
    |            ^^^^^^
...
129 |     pub fn project_id(&self) -> Option<&str> {
    |            ^^^^^^^^^^
...
134 |     pub fn is_completed(&self) -> bool {
    |            ^^^^^^^^^^^^
...
139 |     pub fn is_started(&self) -> bool {
    |            ^^^^^^^^^^
...
161 |     pub fn increment_thinking_depth(&mut self) {
    |            ^^^^^^^^^^^^^^^^^^^^^^^^
...
166 |     pub fn reset_thinking_depth(&mut self) {
    |            ^^^^^^^^^^^^^^^^^^^^
...
171 |     pub fn thinking_depth(&self) -> i64 {
    |            ^^^^^^^^^^^^^^

warning: methods `increment_thinking_depth` and `reset_thinking_depth` are never used
   --> src/models/task.rs:240:12
    |
176 | impl TaskPo {
    | ----------- methods in this implementation
...
240 |     pub fn increment_thinking_depth(&mut self) {
    |            ^^^^^^^^^^^^^^^^^^^^^^^^
...
246 |     pub fn reset_thinking_depth(&mut self) {
    |            ^^^^^^^^^^^^^^^^^^^^

warning: field `search_match` is never read
   --> src/models/tool.rs:179:9
    |
171 | pub struct Tool {
    |            ---- field in this struct
...
179 |     pub search_match: Option<crate::models::vector::SearchMatchInfo>,
    |         ^^^^^^^^^^^^

warning: method `to_basic_info_prompt` is never used
  --> src/models/user.rs:45:12
   |
39 | impl UserPo {
   | ----------- method in this implementation
...
45 |     pub fn to_basic_info_prompt(&self) -> String {
   |            ^^^^^^^^^^^^^^^^^^^^

warning: fields `match_type`, `keyword_fields`, `embedding_model`, `indexed_at`, and `content_hash` are never read
   --> src/models/vector.rs:118:9
    |
116 | pub struct SearchMatchInfo {
    |            --------------- fields in this struct
117 |     /// 匹配类型（向量/关键词/混合）
118 |     pub match_type: MatchType,
    |         ^^^^^^^^^^
...
122 |     pub keyword_fields: Option<Vec<String>>,
    |         ^^^^^^^^^^^^^^
123 |     /// 使用的 Embedding 模型名称（向量匹配时有值）
124 |     pub embedding_model: Option<String>,
    |         ^^^^^^^^^^^^^^^
125 |     /// 索引创建时间（Unix 时间戳，毫秒）
126 |     pub indexed_at: Option<i64>,
    |         ^^^^^^^^^^
127 |     /// 内容哈希（用于判断是否过时）
128 |     pub content_hash: Option<String>,
    |         ^^^^^^^^^^^^
    |
    = note: `SearchMatchInfo` has derived impls for the traits `Clone` and `Debug`, but these are intentionally ignored during dead code analysis

warning: struct `SearchResult` is never constructed
   --> src/models/vector.rs:135:12
    |
135 | pub struct SearchResult<T> {
    |            ^^^^^^^^^^^^

warning: associated items `vector_collection` and `needs_reindex` are never used
   --> src/models/vector.rs:154:8
    |
146 | pub trait Vectorizable: Send + Sync {
    |           ------------ associated items in this trait
...
154 |     fn vector_collection() -> &'static str
    |        ^^^^^^^^^^^^^^^^^
...
169 |     fn needs_reindex(&self, existing_hash: &str) -> bool {
    |        ^^^^^^^^^^^^^

warning: method `base_path` is never used
   --> src/pkg/daily_jsonl.rs:106:12
    |
 23 | impl DailyJsonlWriter {
    | --------------------- method in this implementation
...
106 |     pub fn base_path(&self) -> &PathBuf {
    |            ^^^^^^^^^

warning: function `create_span` is never used
   --> src/pkg/logging.rs:179:8
    |
179 | pub fn create_span(operation: &str, ctx: &RequestContext) -> tracing::Span {
    |        ^^^^^^^^^^^

warning: associated items `from_pool`, `create_collection`, and `needs_reindex` are never used
   --> src/pkg/storage/vector.rs:203:12
    |
201 | impl SqliteVssStore {
    | ------------------- associated items in this implementation
202 |     /// 从已有的 pool 创建（测试专用，保证数据隔离）
203 |     pub fn from_pool(pool: SqlitePool) -> Self {
    |            ^^^^^^^^^
...
230 |     pub async fn create_collection(&self, collection: &str, dimensions: i32) -> Result<()> {
    |                  ^^^^^^^^^^^^^^^^^
...
235 |     pub async fn needs_reindex(
    |                  ^^^^^^^^^^^^^

warning: field `mcp_factories` is never read
  --> src/pkg/tool_registry/mod.rs:41:5
   |
37 | pub struct ToolRegistry {
   |            ------------ field in this struct
...
41 |     mcp_factories: Arc<Mutex<HashMap<String, ()>>>,
   |     ^^^^^^^^^^^^^
   |
   = note: `ToolRegistry` has a derived impl for the trait `Clone`, but this is intentionally ignored during dead code analysis

warning: methods `unregister` and `clear_all` are never used
   --> src/pkg/tool_registry/mod.rs:101:12
    |
 56 | impl ToolRegistry {
    | ----------------- methods in this implementation
...
101 |     pub fn unregister(&self, id: &str) {
    |            ^^^^^^^^^^
...
107 |     pub fn clear_all(&self) {
    |            ^^^^^^^^^

warning: struct `GenericHandlerFn` is never constructed
  --> src/pkg/tool_registry/handler_adapter/mod.rs:46:12
   |
46 | pub struct GenericHandlerFn<Params, F>
   |            ^^^^^^^^^^^^^^^^

warning: associated function `new` is never used
  --> src/pkg/tool_registry/handler_adapter/mod.rs:68:12
   |
59 | / impl<Params, F> GenericHandlerFn<Params, F>
60 | | where
61 | |     F: Fn(RequestContext, Params) -> Pin<Box<dyn Future<Output = Result<Value>> + Send>>
62 | |         + Send
...  |
65 | |         + 'static,
66 | |     Params: for<'de> Deserialize<'de> + Serialize + Send + Sync + Clone + 'static,
   | |__________________________________________________________________________________- associated function in this implementation
67 |   {
68 |       pub fn new(f: F) -> Self {
   |              ^^^

warning: field `parameters_schema` is never read
   --> src/pkg/tool_registry/handler_adapter/mod.rs:160:5
    |
155 | pub struct HandlerToolAdapter<Params>
    |            ------------------ field in this struct
...
160 |     parameters_schema: Value,
    |     ^^^^^^^^^^^^^^^^^
    |
    = note: `HandlerToolAdapter` has a derived impl for the trait `Clone`, but this is intentionally ignored during dead code analysis

warning: associated items `new`, `with_parameters_schema`, and `build` are never used
   --> src/pkg/tool_registry/handler_adapter/mod.rs:212:12
    |
211 | impl HandlerToolBuilder {
    | ----------------------- associated items in this implementation
212 |     pub fn new(id: String, name: String, description: String) -> Self {
    |            ^^^
...
228 |     pub fn with_parameters_schema(mut self, schema: Value) -> Self {
    |            ^^^^^^^^^^^^^^^^^^^^^^
...
233 |     pub fn build<Params, F>(self, f: F) -> (ToolPo, Box<dyn HandlerFn<Params>>)
    |            ^^^^^

warning: function `app_error_to_tool_error` is never used
   --> src/pkg/tool_registry/handler_adapter/mod.rs:268:8
    |
268 | pub fn app_error_to_tool_error(e: common::error::Error) -> ToolError {
    |        ^^^^^^^^^^^^^^^^^^^^^^^

warning: method `config` is never used
  --> src/pkg/tool_registry/http.rs:98:12
   |
87 | impl HttpCoreTool {
   | ----------------- method in this implementation
...
98 |     pub fn config(&self) -> &HttpToolConfig {
   |            ^^^^^^

warning: method `config` is never used
   --> src/pkg/tool_registry/mcp.rs:317:12
    |
286 | impl McpCoreTool {
    | ---------------- method in this implementation
...
317 |     pub fn config(&self) -> &McpToolConfig {
    |            ^^^^^^

warning: function `validate_tool_po_config` is never used
   --> src/pkg/tool_registry/mcp.rs:367:8
    |
367 | pub fn validate_tool_po_config(po: &ToolPo) -> Result<()> {
    |        ^^^^^^^^^^^^^^^^^^^^^^^

warning: method `inner` is never used
  --> src/pkg/tool_tracing/tool_call_logger.rs:34:12
   |
27 | impl LoggingDecorator {
   | --------------------- method in this implementation
...
34 |     pub fn inner(&self) -> &(dyn CoreTool + Send + Sync) {
   |            ^^^^^

warning: struct `SearchParams` is never constructed
 --> src/service/dal/mod.rs:8:12
  |
8 | pub struct SearchParams {
  |            ^^^^^^^^^^^^

warning: associated function `new` is never used
  --> src/service/dal/mod.rs:20:12
   |
19 | impl SearchParams {
   | ----------------- associated function in this implementation
20 |     pub fn new(keyword: impl Into<String>, limit: usize) -> Self {
   |            ^^^

warning: method `wake_brain` is never used
  --> src/service/dal/agent.rs:62:14
   |
34 | pub trait AgentDal: Send + Sync {
   |           -------- method in this trait
...
62 |     async fn wake_brain(
   |              ^^^^^^^^^^

warning: function `dal` is never used
  --> src/service/dal/memory.rs:51:8
   |
51 | pub fn dal() -> Arc<dyn MemoryDal> {
   |        ^^^

warning: method `list_by_project_id` is never used
  --> src/service/dal/message.rs:83:14
   |
44 | pub trait MessageDal: Send + Sync {
   |           ---------- method in this trait
...
83 |     async fn list_by_project_id(
   |              ^^^^^^^^^^^^^^^^^^

warning: methods `all_success` and `all_failed` are never used
   --> src/service/dal/message_channel.rs:348:12
    |
322 | impl DeliveryResult {
    | ------------------- methods in this implementation
...
348 |     pub fn all_success(&self) -> bool {
    |            ^^^^^^^^^^^
...
353 |     pub fn all_failed(&self) -> bool {
    |            ^^^^^^^^^^

warning: methods `call_tool_by_id` and `search` are never used
   --> src/service/dal/tool.rs:117:14
    |
 62 | pub trait ToolDal: Send + Sync {
    |           ------- methods in this trait
...
117 |     async fn call_tool_by_id(
    |              ^^^^^^^^^^^^^^^
...
143 |     async fn search(
    |              ^^^^^^

warning: fields `tool_vector_dao`, `model_provider_dao`, and `cortex_dao` are never read
   --> src/service/dal/tool.rs:160:5
    |
157 | pub struct ToolDalImpl {
    |            ----------- fields in this struct
...
160 |     tool_vector_dao: Arc<dyn ToolVectorDao + Send + Sync>,
    |     ^^^^^^^^^^^^^^^
161 |     model_provider_dao: Arc<dyn ModelProviderDao + Send + Sync>,
    |     ^^^^^^^^^^^^^^^^^^
162 |     cortex_dao: Arc<dyn CortexDao + Send + Sync>,
    |     ^^^^^^^^^^

warning: method `find_all` is never used
  --> src/service/dao/agent/mod.rs:27:14
   |
21 | pub trait AgentDao: Send + Sync {
   |           -------- method in this trait
...
27 |     async fn find_all(&self, ctx: RequestContext) -> Result<Vec<AgentPo>>;
   |              ^^^^^^^^

warning: methods `enqueue_batch`, `len`, `is_empty`, `in_progress_count`, `recover`, and `clear` are never used
  --> src/service/dao/event_queue/mod.rs:17:8
   |
12 | pub trait EventQueueDao<E: Event>: Send + Sync + std::fmt::Debug {
   |           ------------- methods in this trait
...
17 |     fn enqueue_batch(&self, ctx: RequestContext, events: Vec<Box<E>>) -> Result<()>;
   |        ^^^^^^^^^^^^^
...
31 |     fn len(&self) -> usize;
   |        ^^^
...
34 |     fn is_empty(&self) -> bool {
   |        ^^^^^^^^
...
39 |     fn in_progress_count(&self) -> usize;
   |        ^^^^^^^^^^^^^^^^^
...
43 |     fn recover(&self, ctx: RequestContext) -> Result<usize>;
   |        ^^^^^^^
...
46 |     fn clear(&self);
   |        ^^^^^

warning: function `get` is never used
  --> src/service/dao/mcp_server/mod.rs:44:8
   |
44 | pub fn get() -> Arc<dyn McpServerDao + Send + Sync> {
   |        ^^^

warning: fields `query_vector` and `top_k` are never read
  --> src/service/dao/memory/mod.rs:40:9
   |
36 | pub struct MemorySearch {
   |            ------------ fields in this struct
...
40 |     pub query_vector: Option<Vec<f32>>,
   |         ^^^^^^^^^^^^
41 |     /// 返回 Top K 结果（向量搜索专用）
42 |     pub top_k: Option<i32>,
   |         ^^^^^
   |
   = note: `MemorySearch` has derived impls for the traits `Clone` and `Debug`, but these are intentionally ignored during dead code analysis

warning: methods `read_memory_content`, `upsert_knowledge_relation`, `list_all_relations_for_node`, `delete_all_relations_for_node`, and `find_relations_by_type` are never used
   --> src/service/dao/memory/mod.rs:177:8
    |
 53 | pub trait MemoryDao: Send + Sync {
    |           --------- methods in this trait
...
177 |     fn read_memory_content(&self, index: &ShortTermMemoryIndexPo) -> Result<String>;
    |        ^^^^^^^^^^^^^^^^^^^
...
373 |     async fn upsert_knowledge_relation(
    |              ^^^^^^^^^^^^^^^^^^^^^^^^^
...
412 |     async fn list_all_relations_for_node(
    |              ^^^^^^^^^^^^^^^^^^^^^^^^^^^
...
440 |     async fn delete_all_relations_for_node(
    |              ^^^^^^^^^^^^^^^^^^^^^^^^^^^^^
...
454 |     async fn find_relations_by_type(
    |              ^^^^^^^^^^^^^^^^^^^^^^

warning: function `new` is never used
   --> src/service/dao/memory/mod.rs:546:8
    |
546 | pub fn new() -> std::sync::Arc<dyn MemoryDao> {
    |        ^^^

warning: method `read_memory_reference` is never used
  --> src/service/dao/memory/sqlite.rs:65:12
   |
46 | impl MemoryDaoSqliteImpl {
   | ------------------------ method in this implementation
...
65 |     pub fn read_memory_reference(
   |            ^^^^^^^^^^^^^^^^^^^^^

warning: method `query_count` is never used
  --> src/service/dao/message_channel/mod.rs:60:14
   |
43 | pub trait MessageChannelDao: Send + Sync {
   |           ----------------- method in this trait
...
60 |     async fn query_count(&self, ctx: RequestContext, query: MessageChannelQuery) -> Result<u64>;
   |              ^^^^^^^^^^^

warning: fields `query_vector` and `top_k` are never read
  --> src/service/dao/skill/mod.rs:36:9
   |
32 | pub struct SkillSearch {
   |            ----------- fields in this struct
...
36 |     pub query_vector: Option<Vec<f32>>,
   |         ^^^^^^^^^^^^
37 |     /// 返回 Top K 结果（向量搜索专用）
38 |     pub top_k: Option<i32>,
   |         ^^^^^
   |
   = note: `SkillSearch` has derived impls for the traits `Clone` and `Debug`, but these are intentionally ignored during dead code analysis

warning: function `get_dao` is never used
  --> src/service/dao/task/sqlite.rs:27:8
   |
27 | pub fn get_dao() -> &'static Arc<dyn TaskDao + Send + Sync> {
   |        ^^^^^^^

warning: methods `upsert_vector`, `search_vector`, and `get_vector_row` are never used
   --> src/service/dao/tool/mod.rs:115:14
    |
113 | pub trait ToolVectorDao: Send + Sync {
    |           ------------- methods in this trait
114 |     /// 插入或更新工具的向量索引
115 |     async fn upsert_vector(
    |              ^^^^^^^^^^^^^
...
123 |     async fn search_vector(
    |              ^^^^^^^^^^^^^
...
131 |     async fn get_vector_row(
    |              ^^^^^^^^^^^^^^

warning: function `new_with_runtime` is never used
  --> src/service/dao/tool_call/mcp.rs:50:8
   |
50 | pub fn new_with_runtime(
   |        ^^^^^^^^^^^^^^^^

warning: method `query` is never used
   --> src/service/domain/finance/mod.rs:137:14
    |
121 | pub trait ModelProviderManage: Send + Sync {
    |           ------------------- method in this trait
...
137 |     async fn query(
    |              ^^^^^

warning: method `list_mcp_servers` is never used
   --> src/service/domain/finance/mod.rs:306:14
    |
283 | pub trait McpServerManage: Send + Sync {
    |           --------------- method in this trait
...
306 |     async fn list_mcp_servers(
    |              ^^^^^^^^^^^^^^^^

warning: methods `get_agent_bound_tool_ids`, `list_agent_tools`, and `search_tools` are never used
   --> src/service/domain/finance/mod.rs:411:14
    |
351 | pub trait ToolProviderManage: Send + Sync {
    |           ------------------ methods in this trait
...
411 |     async fn get_agent_bound_tool_ids(
    |              ^^^^^^^^^^^^^^^^^^^^^^^^
...
418 |     async fn list_agent_tools(
    |              ^^^^^^^^^^^^^^^^
...
427 |     async fn search_tools(
    |              ^^^^^^^^^^^^

warning: field `tool_dal` is never read
  --> src/service/domain/hr/mod.rs:60:5
   |
58 | struct HrDomainImpl {
   |        ------------ field in this struct
59 |     agent_dal: Arc<dyn AgentDal>,
60 |     tool_dal: Arc<dyn ToolDal>,
   |     ^^^^^^^^

warning: method `validate_onboard_readiness` is never used
   --> src/service/domain/hr/mod.rs:142:14
    |
104 | pub trait AgentManage: Send + Sync {
    |           ----------- method in this trait
...
142 |     async fn validate_onboard_readiness(
    |              ^^^^^^^^^^^^^^^^^^^^^^^^^^

warning: methods `query` and `count_organizations` are never used
   --> src/service/domain/organization/mod.rs:109:14
    |
 81 | pub trait OrganizationManage: Send + Sync {
    |           ------------------ methods in this trait
...
109 |     async fn query(
    |              ^^^^^
...
125 |     async fn count_organizations(&self, ctx: RequestContext) -> Result<u64>;
    |              ^^^^^^^^^^^^^^^^^^^

warning: methods `query`, `exists_by_username`, and `count_by_organization_id` are never used
   --> src/service/domain/organization/mod.rs:143:14
    |
132 | pub trait UserManage: Send + Sync {
    |           ---------- methods in this trait
...
143 |     async fn query(
    |              ^^^^^
...
174 |     async fn exists_by_username(
    |              ^^^^^^^^^^^^^^^^^^
...
181 |     async fn count_by_organization_id(
    |              ^^^^^^^^^^^^^^^^^^^^^^^^

warning: function `new` is never used
  --> src/service/domain/project/mod.rs:43:8
   |
43 | pub fn new(
   |        ^^^

warning: methods `memory` and `awakening` are never used
  --> src/service/domain/runtime/mod.rs:31:8
   |
29 | pub trait RuntimeDomain: Send + Sync + Debug {
   |           ------------- methods in this trait
30 |     /// 记忆管理能力
31 |     fn memory(&self) -> &dyn RuntimeMemory;
   |        ^^^^^^
32 |     /// 唤醒能力
33 |     fn awakening(&self) -> &dyn RuntimeAwakening;
   |        ^^^^^^^^^

warning: trait `RuntimeMemory` is never used
  --> src/service/domain/runtime/mod.rs:42:11
   |
42 | pub trait RuntimeMemory: Send + Sync {
   |           ^^^^^^^^^^^^^

warning: trait `RuntimeAwakening` is never used
  --> src/service/domain/runtime/mod.rs:66:11
   |
66 | pub trait RuntimeAwakening: Send + Sync {
   |           ^^^^^^^^^^^^^^^^

warning: method `brain_dal` is never used
   --> src/service/domain/runtime/mod.rs:217:8
    |
190 | impl RuntimeDomainImpl {
    | ---------------------- method in this implementation
...
217 |     fn brain_dal(&self) -> &dyn BrainDal {
    |        ^^^^^^^^^

warning: function `new` is never used
   --> src/service/domain/runtime/mod.rs:246:8
    |
246 | pub fn new(brain_dal: Arc<dyn BrainDal>) -> Arc<dyn RuntimeDomain> {
    |        ^^^

warning: struct `AwakeningResult` is never constructed
   --> src/service/domain/runtime/mod.rs:272:12
    |
272 | pub struct AwakeningResult {
    |            ^^^^^^^^^^^^^^^

warning: multiple methods are never used
   --> src/service/domain/runtime/context_assembly.rs:52:12
    |
 43 | impl PromptBuilder {
    | ------------------ methods in this implementation
...
 52 |     pub fn current_trace_id(mut self, trace_id: &str) -> Self {
    |            ^^^^^^^^^^^^^^^^
...
 60 |     pub fn add_trace_id(mut self, trace_id: &str) -> Self {
    |            ^^^^^^^^^^^^
...
 66 |     pub fn trace_ids(mut self, trace_ids: &[String]) -> Self {
    |            ^^^^^^^^^
...
 84 |     pub fn history(mut self, memories: &[Memory]) -> Self {
    |            ^^^^^^^
...
 97 |     pub fn current_message(mut self, message: &Message) -> Self {
    |            ^^^^^^^^^^^^^^^
...
105 |     pub fn current_message_content(mut self, content: &str) -> Self {
    |            ^^^^^^^^^^^^^^^^^^^^^^^
...
111 |     pub fn skills(mut self, skills: &[String]) -> Self {
    |            ^^^^^^
...
117 |     pub fn tools(mut self, tools: &[String]) -> Self {
    |            ^^^^^
...
147 |     pub fn user_profile(mut self, user_profile: &str) -> Self {
    |            ^^^^^^^^^^^^
...
156 |     pub fn user_basic_info(mut self, user: &UserPo) -> Self {
    |            ^^^^^^^^^^^^^^^

warning: function `build_conversation_prompt` is never used
   --> src/service/domain/runtime/context_assembly.rs:236:8
    |
236 | pub fn build_conversation_prompt(
    |        ^^^^^^^^^^^^^^^^^^^^^^^^^

warning: `ai_orz` (bin "ai_orz" test) generated 412 warnings (292 duplicates) (run `cargo fix --bin "ai_orz" -p ai_orz --tests` to apply 42 suggestions)
    Finished `test` profile [unoptimized + debuginfo] target(s) in 3m 45s
     Running unittests src/lib.rs (target/debug/deps/ai_orz_macros-31514d2451131c9a)

running 0 tests

test result: ok. 0 passed; 0 failed; 0 ignored; 0 measured; 0 filtered out; finished in 0.00s

     Running unittests src/lib.rs (target/debug/deps/ai_orz-c122a533773ef623)

running 490 tests
test consumer::message_tests::singleton_tests::test_get_consumer_does_not_panic ... ok
test consumer::message_tests::dispatch_tests::test_agent_image_to_user_dispatches_to_user ... ok
test consumer::message_tests::dispatch_tests::test_agent_file_to_user_dispatches_to_user ... ok
test consumer::message_tests::dispatch_tests::test_system_to_agent_tool_result_dispatches_to_agent ... ok
test consumer::message_tests::dispatch_tests::test_system_to_user_notification_dispatches_to_user ... ok
test consumer::message_tests::dispatch_tests::test_user_to_agent_dispatches_to_agent_handler ... ok
test consumer::message_tests::dispatch_tests::test_agent_to_user_dispatches_to_user_handler ... ok
test consumer::tests::consumer_behavior_tests::test_consumed_message_removed_from_queue ... ok
test consumer::tests::consumer_behavior_tests::test_empty_queue_returns_false ... ok
test consumer::tests::consumer_behavior_tests::test_handle_failure_calls_nack ... ok
test consumer::tests::consumer_behavior_tests::test_concurrent_add_and_consume ... ok
test consumer::tests::consumer_behavior_tests::test_multiple_messages_consumed_sequentially ... ok
test consumer::tests::consumer_behavior_tests::test_successful_consumption_returns_true ... ok
test handlers::finance::mcp_server::response_test::mcp_server_detail_preserves_management_redaction_shape ... ok
test handlers::finance::tool::response_test::tool_detail_redacts_url_userinfo_and_sensitive_query_values ... ok
test handlers::finance::tool::response_test::tool_detail_returns_redacted_config_without_raw_sensitive_values ... ok
test handlers::finance::tool::tool_call_entry_test::get_tool_call_entry_handler_gets_one_trace_by_call_id ... ok
test handlers::finance::tool::tool_call_entry_test::query_tool_call_entries_handler_rejects_scope_without_context_scope ... ok
test handlers::finance::tool::tool_call_entry_test::query_tool_call_entries_handler_returns_scoped_trace_details ... ok
test consumer::message_tests::tool_call_request_tests::test_non_tool_call_system_message_is_ignored ... ok
test consumer::message_tests::tool_call_request_tests::test_tool_call_request_success_sends_success_result ... ok
test models::mcp_server::mcp_server_test::redacted_for_management_redacts_url_userinfo_and_query ... ok
test models::message::tests::test_message_po_builder ... ok
test models::message_channel::message_channel_tests::active_channel_can_transition_to_disabled ... ok
test models::message_channel::message_channel_tests::deleted_channel_is_terminal_for_status_transition_action ... ok
test models::message_channel::message_channel_tests::disabled_channel_can_transition_to_active ... ok
test models::message_channel::message_channel_tests::status_transition_action_cannot_mark_channel_deleted ... ok
test models::tool::tool_tests::disabled_tool_can_transition_to_disabled_or_enabled ... ok
test models::tool::tool_tests::enabled_tool_can_transition_to_enabled_or_disabled ... ok
test models::tool::tool_tests::mcp_tool_prompt_exposes_manual_usage_without_config_details ... ok
test models::tool::tool_tests::mcp_tool_prompt_redacts_remote_metadata_sensitive_terms ... ok
test models::tool::tool_tests::stale_tool_is_sync_owned_and_cannot_be_manually_enabled_or_disabled ... ok
test models::tool::tool_tests::transition_status_updates_status_modifier_and_timestamp ... ok
test pkg::daily_jsonl_test::test_daily_jsonl_append_and_read ... ok
test pkg::daily_jsonl_test::test_daily_jsonl_line_out_of_range_returns_error ... ok
test pkg::daily_jsonl_test::test_daily_jsonl_nonexistent_date_returns_error ... ok
test consumer::message_tests::tool_call_request_tests::test_tool_call_request_invalid_content_returns_error_for_nack ... ok
test pkg::daily_jsonl_test::test_daily_jsonl_read_line_json ... ok
test pkg::jwt::tests::test_jwt_encode_decode ... ok
test consumer::message_tests::tool_call_request_tests::test_tool_call_request_runtime_failure_sends_failure_result_and_acks_request ... FAILED
test consumer::message_tests::tool_call_request_tests::test_tool_call_request_started_failure_preserves_trace_ref ... FAILED
test pkg::logging_test::test_chinese_message ... ok
test pkg::logging_test::test_format_placeholders ... ok
test consumer::message_tests::dispatch_tests::test_agent_to_system_tool_call_dispatches_to_system ... ok
test pkg::logging_test::test_error_log ... ok
test pkg::logging_test::test_debug_log ... ok
test pkg::logging_test::test_empty_message ... ok
test pkg::logging_test::test_multiple_logs_same_context ... ok
test pkg::logging_test::test_special_characters_in_message ... ok
test pkg::logging_test::test_log_with_empty_user ... ok
test pkg::logging_test::test_info_log ... ok
test pkg::logging_test::test_structured_log_fields ... ok
test pkg::request_context_test::test_context_agent_id_setter ... ok
test pkg::request_context_test::test_clone_context ... ok
test pkg::request_context_test::test_context_project_id_setter ... ok
test pkg::request_context_test::test_context_task_id_setter ... ok
test pkg::request_context_test::test_context_uid_helper ... ok
test pkg::request_context_test::test_format_timestamp ... ok
test pkg::logging_test::test_long_operation_name ... ok
test pkg::request_context_test::test_generate_log_id ... ok
test pkg::request_context_test::test_context_uname_helper ... ok
test pkg::request_context_test::test_log_id_auto_generate_when_missing ... ok
test pkg::request_context_test::test_log_id_format ... ok
test pkg::logging_test::test_very_long_message ... ok
test pkg::request_context_test::test_log_id_from_header ... ok
test pkg::logging_test::test_warn_log ... ok
test pkg::request_context_test::test_log_id_uniqueness ... ok
test pkg::request_context_test::test_request_context ... ok
test handlers::finance::mcp_server::list_mcp_servers_test::list_mcp_servers_returns_total_matching_query_not_page_size ... ok
test pkg::tool_registry::http::http_tests::http_core_tool_redacts_template_derived_header_value_from_errors ... ok
test pkg::tool_registry::http::http_tests::http_core_tool_redacts_rendered_url_from_request_errors ... ok
test handlers::finance::tool::update_tool_test::update_tool_enabled_can_toggle_non_stale_tool_through_status_machine ... ok
test pkg::tool_registry::http::http_tests::http_core_tool_redacts_body_read_errors ... ok
test pkg::tool_registry::http::http_tests::http_core_tool_executes_get_request_against_registered_endpoint ... ok
test pkg::tool_registry::http::http_tests::http_core_tool_rejects_schema_type_mismatch_before_network_request ... ok
test pkg::tool_registry::http::http_tests::http_core_tool_rejects_unresolved_template_placeholder ... ok
test pkg::tool_registry::http::http_tests::http_core_tool_does_not_follow_redirects_by_default ... ok
test pkg::tool_registry::http::http_tests::http_tool_po_defaults_to_manual_control_mode ... ok
test pkg::tool_registry::http::http_tests::http_tool_config_roundtrips_from_tool_po_config ... ok
test pkg::tool_registry::http::http_tests::registry_creates_manual_http_core_tool_from_tool_po_config ... ok
test pkg::tool_registry::http::http_tests::registry_rejects_blocked_domain_before_network_request ... ok
test pkg::tool_registry::http::http_tests::registry_rejects_blocked_domain_with_trailing_dot ... ok
test pkg::tool_registry::http::http_tests::registry_rejects_http_response_max_bytes_over_hard_limit ... ok
test pkg::tool_registry::http::http_tests::registry_rejects_http_response_max_bytes_zero ... ok
test pkg::tool_registry::http::http_tests::registry_rejects_http_url_userinfo_at_config_time ... ok
test pkg::tool_registry::http::http_tests::registry_rejects_invalid_http_body_status_and_pointer_config ... ok
test pkg::tool_registry::http::http_tests::registry_rejects_invalid_http_tool_config ... ok
test pkg::tool_registry::http::http_tests::registry_rejects_invalid_http_timeout_bounds ... ok
test pkg::tool_registry::http::http_tests::registry_rejects_invalid_http_header_and_query_template_shapes ... ok
test pkg::tool_registry::http::http_tests::registry_rejects_ipv4_mapped_ipv6_local_network_by_default ... ok
test pkg::tool_registry::http::http_tests::registry_rejects_ipv6_transition_addresses_by_default ... ok
test pkg::tool_registry::http::http_tests::registry_rejects_local_network_by_default ... ok
test pkg::tool_registry::http::http_tests::registry_rejects_malformed_fixed_url_and_invalid_header_names ... ok
test pkg::tool_registry::http::http_tests::http_core_tool_renders_url_template_and_validates_required_args ... FAILED
test pkg::tool_registry::http::http_tests::registry_rejects_local_blocked_and_disallowed_fixed_targets_at_config_time ... ok
test pkg::tool_registry::http::http_tests::registry_rejects_unsupported_http_method ... ok
test pkg::tool_registry::http::http_tests::registry_rejects_shared_address_space_by_default ... ok
test pkg::tool_registry::http::http_tests::registry_rejects_unsupported_http_url_scheme_at_config_time ... ok
test pkg::tool_registry::http::http_tests::registry_rejects_unsupported_template_placeholder_at_config_time ... ok
test pkg::tool_registry::http::http_tests::registry_rejects_url_template_placeholders_in_authority ... ok
test pkg::tool_registry::http::http_tests::registry_rejects_whitespace_template_placeholder_form ... ok
test pkg::tool_registry::http::http_tests::registry_uses_injected_http_protocol_factory ... ok
test handlers::finance::mcp_tool::mcp_tool_handler_test::list_mcp_tools_by_server_returns_only_bound_mcp_tools_with_total ... ok
test pkg::tool_registry::http::http_tests::http_core_tool_stops_reading_response_when_size_limit_is_exceeded ... ok
test pkg::tool_registry::mcp::mcp_tests::mcp_client_runtime_rejects_non_object_args_without_leaking_args ... ok
test pkg::tool_registry::mcp::mcp_tests::mcp_client_runtime_redacts_stdio_command_resolution_errors ... ok
test pkg::tool_registry::mcp::mcp_tests::mcp_factory_rejects_non_mcp_tool_po ... ok
test pkg::tool_registry::mcp::mcp_tests::mcp_stdio_session_close_failure_message_redacts_lower_layer_details ... ok
test pkg::tool_registry::mcp::mcp_tests::mcp_tool_config_roundtrips_from_tool_po_config_without_server_credentials ... ok
test pkg::tool_registry::mcp::mcp_tests::mcp_tool_po_defaults_to_manual_control_mode ... ok
test pkg::tool_registry::mcp::mcp_tests::registry_creates_mcp_core_tool_stub_from_binding_config ... ok
test pkg::tool_registry::mcp::mcp_tests::registry_rejects_mcp_tool_config_missing_required_binding_fields ... ok
test pkg::tool_registry::mcp::mcp_tests::registry_rejects_mcp_tool_config_that_duplicates_server_credentials ... ok
test pkg::tool_tracing::tests::http_tool_logging_decorator_redacts_error ... ok
test pkg::tool_tracing::tests::http_tool_logging_decorator_redacts_input_and_output ... ok
test pkg::tool_tracing::tests::mcp_tool_logging_decorator_redacts_error ... ok
test pkg::tool_tracing::tests::mcp_tool_logging_decorator_redacts_input_and_output ... ok
test pkg::tool_tracing::tests::query_calls_filters_and_returns_latest_matching_entry_by_default ... ok
test pkg::tool_tracing::tests::query_calls_supports_call_id_and_cross_tool_filters ... ok
test pkg::tool_tracing::tests::test_different_tools_have_separate_directories ... ok
test pkg::tool_registry::http::http_tests::http_core_tool_rejects_domain_that_resolves_to_local_network_by_default ... ok
test pkg::tool_tracing::tests::test_failed_entry_logged_correctly ... ok
test pkg::tool_tracing::tests::test_log_and_read_entry_roundtrip ... ok
test pkg::tool_tracing::tests::test_logger_creates_correct_directory_structure ... ok
test pkg::tool_tracing::tests::test_read_nonexistent_entry_returns_error ... ok
test pkg::tool_tracing::tests::test_multiple_entries_append_correctly ... ok
test handlers::finance::tool::update_tool_test::update_tool_enabled_cannot_manually_restore_stale_tool ... ok
test service::dal::agent_test::test_create_and_find_by_id ... ok
test service::dal::agent_test::test_delete ... ok
test service::dal::agent_test::test_find_all ... ok
test service::dal::agent_test::test_find_all_excludes_deleted ... ok
test service::dal::agent_test::test_find_not_exists ... ok
test service::dal::agent_test::test_update ... ok
test service::dal::artifact_test::test_count_by_project_and_task ... ok
test service::dal::artifact_test::test_create_and_find_by_id ... ok
test service::dal::artifact_test::test_list_by_project ... ok
test service::dal::artifact_test::test_list_by_task ... ok
test service::dal::attachment_test::infer_extension_sanitizes_user_filename ... ok
test service::dal::artifact_test::test_query_by_project ... ok
test service::dal::artifact_test::test_update_status ... ok
test service::dal::attachment_test::test_create_from_upload_writes_file_and_metadata ... ok
test service::dal::attachment_test::test_query_and_delete ... ok
test service::dal::brain_test::test_wake_brain ... ok
test service::dal::mcp_server_test::mcp_server_dal_create_persists_stdio_server_and_returns_business_entity ... ok
test service::dal::mcp_server_test::mcp_server_dal_create_rejects_stdio_without_command_and_does_not_persist ... ok
test service::dal::mcp_server_test::mcp_server_dal_create_rejects_streamable_http_until_security_policy_exists ... ok
test service::dal::mcp_server_test::mcp_server_dal_derive_audit_fields_from_request_context ... ok
test service::dal::mcp_server_test::mcp_server_dal_update_status_and_delete_invalidate_mcp_runtime_cache ... ok
test service::dal::mcp_tool_test::mcp_tool_dal_get_by_id_assembles_tool_with_server_config ... ok
test service::dal::mcp_tool_test::mcp_tool_dal_rejects_disabled_server_when_calling_by_id ... ok
test service::dal::mcp_tool_test::mcp_tool_dal_rejects_disabled_tool_when_calling_by_id ... ok
test service::dal::mcp_tool_test::mcp_tool_dal_rejects_non_mcp_tool ... ok
test service::dal::mcp_tool_test::mcp_tool_dal_rejects_stale_tool_when_calling_by_id ... ok
test pkg::tool_registry::mcp::mcp_tests::mcp_client_runtime_redacts_stdio_tools_list_lower_layer_errors ... ok
test pkg::tool_registry::mcp::mcp_tests::mcp_client_runtime_lists_stdio_server_tools ... ok
test pkg::tool_registry::mcp::mcp_tests::mcp_client_runtime_allows_concurrent_stdio_calls_to_same_server ... ok
test pkg::tool_registry::mcp::mcp_tests::mcp_client_runtime_redacts_stdio_tool_call_lower_layer_errors ... ok
test handlers::finance::mcp_tool::mcp_tool_handler_test::sync_mcp_tools_handler_syncs_remote_tools ... ok
test pkg::tool_registry::mcp::mcp_tests::mcp_core_tool_calls_stdio_server_through_rmcp_runtime ... ok
test service::dal::mcp_tool_test::mcp_tool_global_dal_invalidates_global_mcp_tool_call_runtime ... ok
test service::dal::mcp_tool_test::mcp_tool_dal_sync_keeps_disabled_tool_disabled_when_remote_reappears ... ok
test pkg::tool_registry::mcp::mcp_tests::mcp_client_runtime_consumes_invalidation_on_next_stdio_call ... ok
test service::dal::mcp_tool_test::mcp_tool_dal_sync_marks_missing_enabled_tools_stale_and_preserves_disabled ... ok
test service::dal::memory_test::test_create_append_traces ... ok
test service::dal::memory_test::test_create_knowledge_node ... ok
test service::dal::memory_test::test_create_relations ... ok
test service::dal::mcp_tool_test::mcp_tool_dal_sync_rejects_mcp_binding_collision ... ok
test service::dal::mcp_tool_test::mcp_tool_dal_sync_rejects_non_mcp_id_collision ... ok
test service::dal::mcp_tool_test::mcp_tool_dal_sync_upserts_existing_tool_and_preserves_audit_and_status ... ok
test service::dal::mcp_tool_test::mcp_tool_dal_sync_restores_stale_tool_when_remote_reappears ... ok
test service::dal::mcp_tool_test::mcp_tool_dal_syncs_stdio_server_tools_into_tool_records ... ok
test service::dal::memory_test::test_create_short_term ... ok
test service::dal::memory_test::test_delete_knowledge_node ... ok
test service::dal::memory_test::test_delete_short_term ... ok
test service::dal::memory_test::test_delete_trace_unsupported ... ok
test service::dal::memory_test::test_query_empty_result ... ok
test service::dal::memory_test::test_query_short_term ... ok
test service::dal::memory_test::test_query_with_status_filter ... ok
test service::dal::mcp_tool_test::sync_then_call_stdio_mcp_tool_by_id_returns_result ... ok
test service::dal::memory_test::test_search_short_term ... ok
test service::dal::memory_test::test_search_knowledge_nodes ... ok
test service::dal::memory_test::test_update_relation_unsupported ... ok
test service::dal::memory_test::test_update_knowledge_node ... ok
test service::dal::memory_test::test_update_short_term ... ok
test service::dal::message_channel_test::test_create_and_get_channel ... ok
test service::dal::memory_test::test_update_trace_unsupported ... ok
test service::dal::message_channel_test::test_delete_and_set_status ... ok
test service::dal::message_channel_test::test_deliver_message_skeleton ... ok
test service::dal::message_channel_test::test_query_channels ... ok
test service::dal::message_channel_test::test_list_user_channels ... ok
test service::dal::message_channel_test::test_update_channel ... ok
test service::dal::message_test::test_count_by_task_id ... ok
test service::dal::message_test::test_delete_by_task_id ... ok
test service::dal::message_test::test_delete_message ... ok
test service::dal::message_test::test_dequeue_ack_nack ... ok
test service::dal::message_test::test_find_not_exists ... ok
test service::dal::message_test::test_list_by_from_id ... ok
test service::dal::message_test::test_list_by_status ... ok
test service::dal::message_test::test_list_by_to_id ... ok
test service::dal::message_test::test_list_by_task_id ... ok
test service::dal::message_test::test_list_by_task_id_with_limit ... ok
test service::dal::message_test::test_save_and_find_by_id ... ok
test service::dal::message_test::test_update_status ... ok
test service::dal::model_provider_test::test_create_and_find_by_id ... ok
test service::dal::model_provider_test::test_all_provider_types ... ok
test service::dal::model_provider_test::test_create_with_custom_base_url ... ok
test service::dal::model_provider_test::test_delete ... ok
test service::dal::model_provider_test::test_find_not_exists ... ok
test service::dal::model_provider_test::test_find_all ... ok
test service::dal::model_provider_test::test_update ... ok
test service::dal::organization_test::test_count_organizations ... ok
test service::dal::organization_test::test_create_and_get_by_id ... ok
test service::dal::organization_test::test_get_by_id_not_found ... ok
test service::dal::organization_test::test_delete ... ok
test service::dal::organization_test::test_is_initialized ... ok
test service::dal::organization_test::test_query_with_limit ... ok
test service::dal::organization_test::test_update ... ok
test service::dal::organization_test::test_list_all ... ok
test service::dal::project_test::test_count_by_root_user ... ok
test service::dal::project_test::test_count_by_root_user_and_status ... ok
test service::dal::project_test::test_create_and_find_by_id ... ok
test service::dal::project_test::test_list_by_root_user ... ok
test service::dal::project_test::test_list_by_root_user_and_status ... ok
test service::dal::project_test::test_query ... ok
test service::dal::project_test::test_update_project ... ok
test service::dal::project_test::test_update_status_and_archive ... ok
test service::dal::skill_test::test_create_and_get_by_id ... ok
test service::dal::skill_test::test_delete_skill ... ok
test service::dal::skill_test::test_file_operations ... ok
test service::dal::skill_test::test_get_po_only ... ok
test service::dal::skill_test::test_install_to_agent ... ok
test service::dal::skill_test::test_list_by_status ... ok
test service::dal::skill_test::test_query_skills ... ok
test service::dal::skill_test::test_search_skill ... ok
test service::dal::skill_test::test_update_nonexistent_skill ... ok
test service::dal::skill_test::test_update_skill_basic_info ... ok
test service::dal::skill_test::test_update_skill_status ... ok
test service::dal::task_test::test_count_by_assignee ... ok
test service::dal::task_test::test_count_by_assignee_and_status ... ok
test service::dal::task_test::test_create_and_find_by_id ... ok
test service::dal::task_test::test_list_by_assignee ... ok
test service::dal::task_test::test_list_by_status ... ok
test service::dal::task_test::test_update_status_and_cancel ... ok
test service::dal::task_test::test_query ... ok
test service::dal::task_test::test_update_task ... ok
test service::dal::tool_test::test_add_tool_to_agent_and_list ... ok
test service::dal::tool_test::test_create_and_get_tool_full ... ok
test service::dal::tool_test::test_delete_builtin_tool_protected ... ok
test service::dal::tool_test::test_delete_tool ... ok
test service::dal::tool_test::test_find_not_exists ... ok
test service::dal::tool_test::test_get_by_id_exists ... ok
test service::dal::tool_test::test_list_enabled ... ok
test service::dal::tool_test::test_get_by_name ... ok
test service::dal::tool_test::test_mcp_tool_bind_to_agent_visible_but_not_wrapped_for_rig ... ok
test service::dal::tool_test::test_remove_tool_from_agent ... ok
test service::dal::tool_test::test_update_builtin_tool_protected ... ok
test service::dal::tool_test::test_update_tool ... ok
test service::dal::user_test::test_create_and_find_by_id ... ok
test service::dal::user_test::test_delete ... ok
test service::dal::user_test::test_count_by_organization_id ... ok
test service::dal::user_test::test_exists_by_username ... ok
test service::dal::user_test::test_find_by_organization_id ... ok
test service::dal::user_test::test_find_by_username ... ok
test service::dal::tool_test::test_sync_builtin_tools_to_db ... ok
test service::dal::user_test::test_update ... ok
test service::dal::user_test::test_query_with_organization_filter ... ok
test service::dao::artifact::sqlite_test::test_all_file_types ... ok
test service::dao::artifact::sqlite_test::test_insert_artifact ... ok
test service::dao::artifact::sqlite_test::test_delete_artifact ... ok
test service::dao::artifact::sqlite_test::test_insert_project_level_artifact ... ok
test service::dao::artifact::sqlite_test::test_list_by_project ... ok
test service::dao::artifact::sqlite_test::test_list_by_task ... ok
test service::dao::artifact::sqlite_test::test_update_status ... ok
test service::dao::attachment::sqlite_test::test_file_read_write_exists ... ok
test service::dao::attachment::sqlite_test::test_delete_filters_find_and_query ... ok
test service::dao::attachment::sqlite_test::test_reject_path_traversal ... ok
test service::dao::attachment::sqlite_test::test_query_by_root_user_and_purpose ... ok
test service::dao::attachment::sqlite_test::test_insert_and_find_by_id ... ok
test service::dao::attachment::sqlite_test::test_update_file_and_metadata_size ... ok
test service::dao::cortex::rig_test::test_create_deepseek_cortex ... ok
test service::dao::cortex::rig_test::test_create_doubao_cortex ... ok
test service::dao::cortex::rig_test::test_create_ollama_cortex ... ok
test service::dao::cortex::rig_test::test_create_openai_compatible_custom_base_url ... ok
test service::dao::cortex::rig_test::test_create_openai_cortex ... ok
test service::dao::cortex::rig_test::test_create_qwen_cortex ... ok
test service::dao::mcp_server::sqlite_test::test_insert_and_find_by_id ... ok
test service::dao::mcp_server::sqlite_test::test_query_by_transport_and_status ... ok
test service::dao::mcp_server::sqlite_test::test_query_returns_page_items_and_total_with_unified_pagination ... ok
test service::dao::mcp_server::sqlite_test::test_set_status_does_not_restore_soft_deleted_server ... ok
test service::dao::mcp_server::sqlite_test::test_update_and_soft_delete ... ok
test service::dao::memory::sqlite_test::test_add_knowledge_reference ... ok
test service::dao::memory::sqlite_test::test_append_trace_and_create_short_term_index ... ok
test service::dao::memory::sqlite_test::test_memory_trace_id_is_trace_prefix ... ok
test service::dao::memory::sqlite_test::test_memory_trace_to_markdown ... ok
test service::dao::memory::sqlite_test::test_add_knowledge_relation ... ok
test service::dao::memory::sqlite_test::test_batch_append_traces ... ok
test service::dao::memory::sqlite_test::test_create_knowledge_node ... ok
test service::dao::memory::sqlite_test::test_forget_short_term_index ... ok
test service::dao::memory::sqlite_test::test_knowledge_references ... ok
test service::dao::memory::sqlite_test::test_get_and_update_short_term_index ... ok
test service::dao::memory::sqlite_test::test_knowledge_relations ... ok
test service::dao::memory::sqlite_test::test_list_and_query_short_term ... ok
test service::dao::memory::sqlite_test::test_query_and_delete_knowledge_nodes ... ok
test service::dao::memory::vector_test::test_get_knowledge_node_vector_row ... ok
test service::dao::memory::sqlite_test::test_update_and_list_knowledge_nodes ... ok
test service::dao::memory::vector_test::test_get_short_term_vector_row ... ok
test service::dao::memory::vector_test::test_namespace_isolation ... ok
test service::dao::memory::vector_test::test_upsert_and_search_short_term ... ok
test service::dao::memory::vector_test::test_upsert_and_search_knowledge_node ... ok
test service::dao::memory::vector_test::test_upsert_update_knowledge_node ... ok
test service::dao::memory::vector_test::test_upsert_update_short_term ... ok
test service::dao::message::sqlite_test::test_create_tool_call_request ... ok
test service::dao::message::sqlite_test::test_count_by_task_id ... ok
test service::dao::message::sqlite_test::test_create_tool_call_result ... ok
test service::dao::message::sqlite_test::test_create_tool_call_result_failed ... ok
test service::dao::message::sqlite_test::test_delete_by_task_id ... ok
test service::dao::message::sqlite_test::test_image_message_with_metadata ... ok
test service::dao::message::sqlite_test::test_delete_message ... ok
test service::dao::message::sqlite_test::test_insert_and_find_by_id ... ok
test service::dao::message::sqlite_test::test_list_by_from_id ... ok
test service::dao::message::sqlite_test::test_list_by_project_id ... ok
test service::dao::message::sqlite_test::test_list_by_status ... ok
test service::dao::message::sqlite_test::test_list_by_task_id ... ok
test service::dao::message::sqlite_test::test_list_by_to_id ... ok
test service::dao::message::sqlite_test::test_list_by_task_id_with_limit ... ok
test service::dao::message::sqlite_test::test_update_status ... ok
test service::dao::message_channel::sqlite_test::test_insert_and_find_by_id ... ok
test service::dao::message_channel::sqlite_test::test_agent_channel_priority ... ok
test service::dao::message_channel::sqlite_test::test_delete ... ok
test service::dao::message_channel::sqlite_test::test_list_by_user_id ... ok
test service::dao::model_provider::sqlite_test::test_find_all_model_provider ... ok
test service::dao::message_channel::sqlite_test::test_mark_push_status ... ok
test service::dao::message_channel::sqlite_test::test_query ... ok
test service::dao::message_channel::sqlite_test::test_set_enabled ... ok
test service::dao::model_provider::sqlite_test::test_find_by_id_not_exists ... ok
test service::dao::model_provider::sqlite_test::test_query ... ok
test service::dao::model_provider::sqlite_test::test_insert_and_find_model_provider ... ok
test service::dao::organization::sqlite_test::test_count_all ... ok
test service::dao::organization::sqlite_test::test_find_all ... ok
test service::dao::organization::sqlite_test::test_insert_and_find_by_id ... ok
test service::dao::organization::sqlite_test::test_update ... ok
test service::dao::organization::sqlite_test::test_soft_delete ... ok
test service::dao::project::sqlite_test::test_insert_project ... ok
test service::dao::project::sqlite_test::test_count_functions ... ok
test service::dao::project::sqlite_test::test_deleted_not_found ... ok
test service::dao::project::sqlite_test::test_find_by_id ... ok
test service::dao::project::sqlite_test::test_list_by_root_user ... ok
test service::dao::project::sqlite_test::test_list_by_root_user_and_status ... ok
test service::dao::project::sqlite_test::test_update_project ... ok
test service::dao::project::sqlite_test::test_update_status ... ok
test service::dao::skill::sqlite_test::test_delete_by_id ... ok
test service::dao::skill::sqlite_test::test_delete_skill_dir ... ok
test service::dao::skill::sqlite_test::test_insert_and_find_by_id ... ok
test service::dao::skill::sqlite_test::test_install_non_published_fails ... ok
test service::dao::skill::sqlite_test::test_install_to_agent ... ok
test service::dao::skill::sqlite_test::test_install_to_agent_copies_all_files ... ok
test service::dao::skill::sqlite_test::test_list_by_author ... ok
test service::dao::skill::sqlite_test::test_list_files_empty_dir ... ok
test service::dao::skill::sqlite_test::test_list_by_category ... ok
test service::dao::skill::sqlite_test::test_list_files_with_content ... ok
test service::dao::skill::sqlite_test::test_read_write_attachment_files ... ok
test service::dao::skill::sqlite_test::test_read_write_main_content ... ok
test service::dao::skill::sqlite_test::test_list_by_status ... ok
test service::dao::skill::sqlite_test::test_search ... ok
test service::dao::skill::sqlite_test::test_update ... ok
test service::dao::skill::vector_test::test_get_content_hash ... ok
test service::dao::skill::vector_test::test_search_vector_empty ... ok
test service::dao::skill::vector_test::test_get_content_hash_not_found ... ok
test service::dao::skill::vector_test::test_search_vector_top_k_limit ... ok
test service::dao::skill::vector_test::test_upsert_and_search_vector ... ok
test service::dao::skill::vector_test::test_upsert_update_existing ... ok
test service::dao::task::sqlite_test::test_cancel_task ... ok
test service::dao::task::sqlite_test::test_count_functions ... ok
test service::dao::task::sqlite_test::test_empty_task_list ... ok
test service::dao::task::sqlite_test::test_insert_and_find_by_id ... ok
test service::dao::task::sqlite_test::test_list_by_status ... ok
test service::dao::task::sqlite_test::test_update_task ... ok
test service::dao::task::sqlite_test::test_list_by_assignee ... ok
test service::dao::task::sqlite_test::test_update_task_status ... ok
test service::dao::tool::sqlite_test::test_add_tool_to_agent_and_list ... ok
test service::dao::tool::sqlite_test::test_create_and_get_tool_full ... ok
test service::dao::tool::sqlite_test::test_delete_builtin_tool_protected ... ok
test service::dao::tool::sqlite_test::test_find_not_exists ... ok
test service::dao::tool::sqlite_test::test_get_by_name ... ok
test service::dao::tool::sqlite_test::test_list_enabled ... ok
test service::dao::tool_call::mcp_test::mcp_tool_call_assembles_mcp_core_tool_with_server_runtime_deps ... ok
test service::dao::tool_call::mcp_test::mcp_tool_call_generic_entry_returns_none_without_server_context ... ok
test service::dao::tool::sqlite_test::test_list_tools_for_agent_preserves_stale_bindings_for_management ... ok
test service::dao::tool::sqlite_test::test_remove_tool_from_agent ... ok
test service::dao::tool::sqlite_test::test_tool_query ... ok
test service::dao::tool::sqlite_test::test_tool_query_can_exclude_stale_and_allows_explicit_stale_status ... ok
test service::domain::finance::attachment_test::text_attachment_domain_contract_types_are_available ... ok
test service::dao::tool::sqlite_test::test_sync_builtin_tools_to_db ... ok
test service::dao::tool::sqlite_test::test_tool_search ... ok
test service::dao::tool::sqlite_test::test_update_builtin_tool_protected ... ok
test service::dao::tool::sqlite_test::test_update_tool ... ok
test service::domain::finance::attachment_test::test_attachment_create_query_get_delete ... ok
test service::dao::user::sqlite_test::test_all_user_dao_functions ... ok
test service::domain::finance::model_provider_test::tests::test_all_provider_types_serialize ... ok
test service::domain::finance::model_provider_test::tests::test_create_model_provider_from_po ... ok
test service::domain::finance::model_provider_test::tests::test_create_model_provider_po ... ok
test service::domain::finance::model_provider_test::tests::test_create_model_provider_with_base_url ... ok
test service::domain::finance::attachment_test::test_get_attachment_hides_cross_root_user_assets ... ok
test service::domain::finance::attachment_test::test_get_attachment_can_include_file_content ... ok
test service::domain::finance::mcp_server_test::tests::finance_domain_creates_and_gets_mcp_server ... ok
test service::domain::finance::mcp_server_test::tests::finance_domain_update_preserves_redacted_secret_placeholders ... ok
test service::domain::finance::message_channel_test::tests::test_channel_crud_operations ... ok
test service::domain::finance::message_channel_test::tests::test_list_and_query_channels ... ok
test service::domain::finance::message_channel_test::tests::test_query_channels ... ok
test service::domain::finance::tool_provider_test::tests::test_create_http_tool_rejects_auto_control_mode ... ok
test service::domain::finance::tool_provider_test::tests::test_create_mcp_tool_rejects_auto_control_mode ... ok
test service::domain::finance::tool_provider_test::tests::test_create_http_tool_rejects_invalid_config_before_persist ... ok
test service::domain::finance::message_channel_test::tests::test_set_channel_status ... ok
test service::domain::finance::tool_provider_test::tests::test_delete_tool ... ok
test service::domain::finance::tool_provider_test::tests::test_get_tool_not_found ... ok
test service::domain::finance::tool_provider_test::tests::test_list_tools ... ok
test service::domain::finance::tool_provider_test::tests::test_update_http_tool_rejects_auto_control_mode ... ok
test service::domain::finance::tool_provider_test::tests::test_update_mcp_tool_rejects_auto_control_mode ... ok
test service::domain::hr::agent_test::test_create_and_find_by_id ... ok
test service::domain::hr::agent_test::test_delete_agent ... ok
test service::domain::hr::agent_test::test_list_agents ... ok
test service::domain::hr::agent_test::test_transition_status_persists_valid_agent_lifecycle ... ok
test service::domain::hr::agent_test::test_transition_status_rejects_invalid_agent_lifecycle ... ok
test service::domain::hr::agent_test::test_update_agent ... ok
test service::domain::hr::skill_test::test_create_and_get_by_id ... ok
test service::domain::hr::skill_test::test_delete_skill ... ok
test service::domain::hr::skill_test::test_list_by_author ... ok
test service::domain::hr::skill_test::test_list_by_category ... ok
test service::domain::hr::skill_test::test_list_by_status ... ok
test service::domain::hr::skill_test::test_update_skill ... ok
test service::domain::hr::skill_test::test_query_skills ... ok
test service::domain::hr::skill_test::test_update_skill_imports_attachment_file_content ... ok
test service::domain::hr::skill_test::test_update_skill_rejects_unsafe_import_target_path ... ok
test service::domain::message::delivery_test::test_deliver_message_to_channels ... ok
test service::domain::message::delivery_test::test_dequeue_ack_nack ... ok
test service::domain::message::delivery_test::test_send_to_agent_and_send_to_user ... ok
test service::domain::message::delivery_test::test_send_tool_call_request_creates_pending_system_message ... ok
test service::domain::message::delivery_test::test_send_tool_call_result_failure_can_include_trace_ref ... ok
test service::domain::message::delivery_test::test_send_tool_call_result_failure_reuses_request_context ... ok
test service::domain::message::delivery_test::test_send_tool_call_result_failure_does_not_leak_request_args ... ok
test service::domain::message::delivery_test::test_send_tool_call_result_success_reuses_request_context ... ok
test service::domain::message::delivery_test::test_send_tool_call_result_large_success_uses_safe_inline_marker ... ok
test service::domain::message::delivery_test::test_send_without_project_and_task ... ok
test service::domain::message::management_test::test_delete_by_id_and_cleanup_conversation ... ok
test service::domain::message::management_test::test_get_by_id_and_update_status ... ok
test service::domain::message::management_test::test_list_by_project_id ... ok
test service::domain::project::project_test::test_artifact_create_attachment_artifact_rejects_task_project_mismatch ... ok
test service::domain::project::project_test::test_artifact_create_attachment_artifact_validates_project_and_task ... ok
test service::domain::project::project_test::test_artifact_create_project_artifact_and_get ... ok
test service::domain::project::project_test::test_artifact_delete ... ok
test service::domain::project::project_test::test_artifact_create_task_artifact_and_list ... ok
test service::domain::project::project_test::test_artifact_list_filters_by_project_file_type_source_type_and_limit ... ok
test service::domain::project::project_test::test_project_create_and_get ... ok
test service::domain::project::project_test::test_project_list_by_user ... ok
test service::domain::runtime::context_assembly::tests::builder_includes_bound_mcp_tools_without_server_config_details ... ok
test service::domain::runtime::context_assembly::tests::test_builder_empty ... ok
test service::domain::runtime::context_assembly::tests::test_builder_only_system ... ok
test service::domain::runtime::tool_execution_test::tests::runtime_denies_manual_tool_call_when_bound_tool_is_auto_mode ... ok
test service::domain::runtime::tool_execution_test::tests::runtime_denies_manual_tool_call_when_bound_tool_is_stale ... ok
test service::domain::runtime::tool_execution_test::tests::runtime_denies_manual_tool_call_when_tool_is_not_bound_to_agent ... ok
test service::domain::runtime::tool_execution_test::tests::runtime_executes_bound_manual_builtin_tool_through_generic_tool_dal ... ok
test service::domain::runtime::tool_execution_test::tests::runtime_executes_bound_manual_mcp_tool_without_second_tool_lookup ... FAILED
test service::domain::runtime::tool_execution_test::tests::runtime_get_tool_call_entry_by_id_filters_by_request_scope ... ok
test service::domain::runtime::tool_execution_test::tests::runtime_get_tool_call_entry_by_id_requires_call_id ... ok
test service::domain::runtime::tool_execution_test::tests::runtime_preserves_safe_mcp_server_disabled_error_semantics ... ok
test service::domain::runtime::tool_execution_test::tests::runtime_preserves_safe_mcp_server_not_found_error_semantics ... ok
test service::domain::runtime::tool_execution_test::tests::runtime_preserves_safe_mcp_timeout_error_semantics ... ok
test service::domain::runtime::tool_execution_test::tests::runtime_preserves_safe_mcp_tool_disabled_error_semantics ... ok
test service::domain::runtime::tool_execution_test::tests::runtime_preserves_safe_mcp_tool_not_found_error_semantics ... ok
test service::domain::runtime::tool_execution_test::tests::runtime_preserves_trace_ref_when_mcp_started_failure_is_mapped ... ok
test service::domain::runtime::tool_execution_test::tests::runtime_query_tool_call_entries_derives_scope_from_context ... ok
test service::domain::runtime::tool_execution_test::tests::runtime_redacts_mcp_lower_layer_error_details ... ok
test service::domain::runtime::tool_execution_test::tests::runtime_routes_already_loaded_mcp_tool_without_second_tool_lookup ... FAILED
test service::domain::runtime::tool_execution_test::tests::runtime_routes_builtin_tool_calls_to_generic_tool_dal ... ok
test service::domain::runtime::tool_execution_test::tests::runtime_routes_http_tool_calls_to_generic_tool_dal ... ok
test service::domain::runtime::tool_execution_test::tests::runtime_routes_mcp_tool_calls_to_mcp_tool_dal ... FAILED
test service::domain::runtime::tool_execution_test::tests::runtime_tool_call_query_rejects_over_limit_request ... ok
test service::domain::runtime::tool_execution_test::tests::runtime_tool_call_query_rejects_request_scope_without_context_scope ... ok
test service::domain::runtime::tool_execution_test::tests::runtime_tool_call_query_rejects_request_scope_without_matching_context_field ... ok
test service::domain::runtime::tool_execution_test::tests::runtime_tool_call_query_rejects_scope_conflicting_with_request_context ... ok
test service::domain::runtime::tool_execution_test::tests::runtime_tool_call_query_requires_access_scope ... ok
test service::domain::project::project_test::test_project_transition_status_rejects_deleted ... ok
test service::domain::project::project_test::test_project_start_complete_archive ... ok
test service::domain::project::project_test::test_project_transition_status_updates_entity ... ok
test service::domain::project::project_test::test_task_create_and_get ... ok
test service::domain::project::project_test::test_task_start_complete_cancel ... ok
test service::domain::project::project_test::test_task_list_by_project_and_agent ... ok
test service::domain::project::project_test::test_task_transition_status_rejects_cancelled ... ok
test service::domain::project::project_test::test_task_transition_status_updates_entity ... ok
test service::dal::brain_test::test_test_connection has been running for over 60 seconds
test service::dal::brain_test::test_test_connection ... ok

failures:

---- consumer::message_tests::tool_call_request_tests::test_tool_call_request_runtime_failure_sends_failure_result_and_acks_request stdout ----

thread 'consumer::message_tests::tool_call_request_tests::test_tool_call_request_runtime_failure_sends_failure_result_and_acks_request' (12085656) panicked at src/consumer/message_tests.rs:638:17:
assertion `left == right` failed
  left: "[tool_execution_failed] [tool_execution_failed] MCP tool call failed for tool_id: tool-mcp-weather"
 right: "MCP tool call failed for tool_id: tool-mcp-weather"

---- consumer::message_tests::tool_call_request_tests::test_tool_call_request_started_failure_preserves_trace_ref stdout ----

thread 'consumer::message_tests::tool_call_request_tests::test_tool_call_request_started_failure_preserves_trace_ref' (12085657) panicked at src/consumer/message_tests.rs:674:17:
assertion `left == right` failed
  left: "[tool_execution_failed] [tool_execution_failed] MCP tool call failed after execution started"
 right: "MCP tool call failed after execution started"
note: run with `RUST_BACKTRACE=1` environment variable to display a backtrace

---- pkg::tool_registry::http::http_tests::http_core_tool_renders_url_template_and_validates_required_args stdout ----

thread 'pkg::tool_registry::http::http_tests::http_core_tool_renders_url_template_and_validates_required_args' (12086508) panicked at src/pkg/tool_registry/http_tests.rs:846:5:
unexpected error message: [tool_execution_failed] [internal] unknown tool argument: query

---- service::domain::runtime::tool_execution_test::tests::runtime_executes_bound_manual_mcp_tool_without_second_tool_lookup stdout ----

thread 'service::domain::runtime::tool_execution_test::tests::runtime_executes_bound_manual_mcp_tool_without_second_tool_lookup' (12088624) panicked at src/service/domain/runtime/tool_execution_test.rs:903:9:
assertion `left == right` failed
  left: String("mock")
 right: "mcp_tool_dal"

---- service::domain::runtime::tool_execution_test::tests::runtime_routes_already_loaded_mcp_tool_without_second_tool_lookup stdout ----

thread 'service::domain::runtime::tool_execution_test::tests::runtime_routes_already_loaded_mcp_tool_without_second_tool_lookup' (12088637) panicked at src/service/domain/runtime/tool_execution_test.rs:762:9:
assertion `left == right` failed
  left: String("mock")
 right: "mcp_tool_dal"

---- service::domain::runtime::tool_execution_test::tests::runtime_routes_mcp_tool_calls_to_mcp_tool_dal stdout ----

thread 'service::domain::runtime::tool_execution_test::tests::runtime_routes_mcp_tool_calls_to_mcp_tool_dal' (12088640) panicked at src/service/domain/runtime/tool_execution_test.rs:737:9:
assertion `left == right` failed
  left: String("mock")
 right: "mcp_tool_dal"


failures:
    consumer::message_tests::tool_call_request_tests::test_tool_call_request_runtime_failure_sends_failure_result_and_acks_request
    consumer::message_tests::tool_call_request_tests::test_tool_call_request_started_failure_preserves_trace_ref
    pkg::tool_registry::http::http_tests::http_core_tool_renders_url_template_and_validates_required_args
    service::domain::runtime::tool_execution_test::tests::runtime_executes_bound_manual_mcp_tool_without_second_tool_lookup
    service::domain::runtime::tool_execution_test::tests::runtime_routes_already_loaded_mcp_tool_without_second_tool_lookup
    service::domain::runtime::tool_execution_test::tests::runtime_routes_mcp_tool_calls_to_mcp_tool_dal

test result: FAILED. 484 passed; 6 failed; 0 ignored; 0 measured; 0 filtered out; finished in 75.90s

error: test failed, to rerun pass `-p ai_orz --lib`
